Microchip MPLAB XC8 Compiler V3.10

Linker command line:

-W-3 --edf=/Applications/microchip/xc8/v3.10/pic/dat/20250813170317_en.msgs \
  -pivt0x8=08h -cn \
  -h+dist/default/production/PIC18F06Q40_Template.X_V049_20260703.production.sym \
  --cmf=dist/default/production/PIC18F06Q40_Template.X_V049_20260703.production.cmf \
  -z -Q18F06Q40 -o/tmp/xc4Dsavjq/driver_tmp_3.o --defsym=__MPLAB_BUILD=1 \
  --fixupoverflow=error \
  -Mdist/default/production/PIC18F06Q40_Template.X_V049_20260703.production.map \
  --md=/tmp/xc4Dsavjq/driver_tmp_0.dat -E1 -ver=XC8 Compiler \
  -ACODE=00h-0FFFFh -ACONST=00h-0FFFFh -ASMALLCONST=01600h-016FFhx234 \
  -AMEDIUMCONST=01600h-0FFFFh -ACOMRAM=0501h-055Fh -AABS1=0500h-014FFh \
  -ABIGRAM=0501h-014FFh -ARAM=0560h-05FFh,0600h-06FFhx15 \
  -ABANK5=0560h-05FFh -ABANK6=0600h-06FFh -ABANK7=0700h-07FFh \
  -ABANK8=0800h-08FFh -ABANK9=0900h-09FFh -ABANK10=0A00h-0AFFh \
  -ABANK11=0B00h-0BFFh -ABANK12=0C00h-0CFFh -ABANK13=0D00h-0DFFh \
  -ABANK14=0E00h-0EFFh -ABANK15=0F00h-0FFFh -ABANK16=01000h-010FFh \
  -ABANK17=01100h-011FFh -ABANK18=01200h-012FFh -ABANK19=01300h-013FFh \
  -ABANK20=01400h-014FFh \
  -ASFR=00h-0FFhx4,0400h-045Fh,0460h-04FFh,01500h-015FFh \
  -ABIGSFR=00h-04FFh,01500h-015FFh -ACONFIG=0300000h-0300011h \
  -AIDLOC=0200000h-020003Fh -AEEDATA=0380000h-03801FFh -peeprom_data=EEDATA \
  -preset_vec=00h -ppowerup=CODE,init -pramtop=01600h \
  -psmallconst=SMALLCONST -pmediumconst=MEDIUMCONST -pconst=CONST \
  -AFARRAM=00h-00h \
  -prdata=COMRAM,nvrram=COMRAM,nvbit=COMRAM,rbss=COMRAM,rbit=COMRAM \
  -pfarbss=FARRAM,fardata=FARRAM,nvFARRAM=FARRAM \
  -pintsave_regs=BIGRAM,bigbss=BIGRAM,bigdata=BIGRAM -pbss=RAM \
  -pidata=CODE,irdata=CODE,ibigdata=CODE,ifardata=CODE -prparam=COMRAM \
  /tmp/xc4Dsavjq/driver_tmp_9.o \
  dist/default/production/PIC18F06Q40_Template.X_V049_20260703.production.o 

Object code version is 3.11

Machine type is 18F06Q40



                Name                               Link     Load   Length Selector   Space Scale
/tmp/xc4Dsavjq/driver_tmp_9.o
                config                           300000   300000        6        0       4
                init                                 1A       1A        4        4       0
                reset_vec                             0        0        4        0       0
dist/default/production/PIC18F06Q40_Template.X_V049_20260703.production.o
                config                           300000   300000        6        0       4
                smallconst                         1600     1600        2      B00       0
                ivt0x8                                8        8       12        4       0
                text88                             37DE     37DE       10      B01       0
                text87                             3526     3526       24      B01       0
                text86                             3382     3382       2E      B01       0
                text85                             3828     3828        8      B01       0
                text84                             29AC     29AC       AE      B01       0
                text83                             36CC     36CC       1A      B01       0
                text82                             2B06     2B06       A4      B01       0
                text81                             2EB8     2EB8       6A      B01       0
                text80                             28FC     28FC       B0      B01       0
                text79                             3486     3486       2A      B01       0
                text78                             35AC     35AC       20      B01       0
                text77                             37CC     37CC       12      B01       0
                text76                             34D8     34D8       28      B01       0
                text75                             345C     345C       2A      B01       0
                text74                             2BAA     2BAA       A2      B01       0
                text73                             2C4C     2C4C       90      B01       0
                text72                             3198     3198       4C      B01       0
                text71                             3742     3742       16      B01       0
                text70                             3320     3320       34      B01       0
                text69                             372C     372C       16      B01       0
                text68                             31E4     31E4       4A      B01       0
                text67                             2A5A     2A5A       AC      B01       0
                text66                             273A     273A       E4      B01       0
                text65                             2F22     2F22       64      B01       0
                text64                             30F2     30F2       54      B01       0
                text63                             37BA     37BA       12      B01       0
                text62                             380E     380E        A      B01       0
                text61                             2210     2210      17A      B01       0
                text60                             2610     2610      12A      B01       0
                text59                             385A     385A        6      B01       0
                text58                             24E6     24E6      12A      B01       0
                text57                             358C     358C       20      B01       0
                text56                             3696     3696       1C      B01       0
                text55                             3608     3608       1E      B01       0
                text54                             354A     354A       22      B01       0
                text53                             3854     3854        6      B01       0
                text52                             309A     309A       58      B01       0
                text51                             384E     384E        6      B01       0
                text50                             32EC     32EC       34      B01       0
                text49                             3354     3354       2E      B01       0
                text48                             1602     1602      42C      B01       0
                text47                             35EA     35EA       1E      B01       0
                text46                             34B0     34B0       28      B01       0
                text45                             356C     356C       20      B01       0
                text44                             281E     281E       DE      B01       0
                text43                             3862     3862        2      B01       0
                text42                             3848     3848        6      B01       0
                text41                             367A     367A       1C      B01       0
                text40                             3842     3842        6      B01       0
                text39                             2E4C     2E4C       6C      B01       0
                text38                             383C     383C        6      B01       0
                text37                             35CC     35CC       1E      B01       0
                text36                             3794     3794       14      B01       0
                text35                             36B2     36B2       1A      B01       0
                text34                             36FE     36FE       18      B01       0
                text33                             3804     3804        A      B01       0
                text32                             3716     3716       16      B01       0
                text31                             2D64     2D64       7A      B01       0
                text30                             3780     3780       14      B01       0
                text29                             37EE     37EE        C      B01       0
                text28                             32B0     32B0       3C      B01       0
                text27                             37FA     37FA        A      B01       0
                text26                             3432     3432       2A      B01       0
                text25                             36E6     36E6       18      B01       0
                text24                             2FE8     2FE8       5A      B01       0
                text23                             1A2E     1A2E      3F0      B01       0
                text22                             2F86     2F86       62      B01       0
                text21                             3270     3270       40      B01       0
                text20                             3860     3860        2      B01       0
                text19                             33DC     33DC       2C      B01       0
                text18                             3836     3836        6      B01       0
                text17                             3042     3042       58      B01       0
                text16                             238A     238A      15C      B01       0
                text15                             365E     365E       1C      B01       0
                text14                             3642     3642       1C      B01       0
                text13                             3408     3408       2A      B01       0
                text12                             322E     322E       42      B01       0
                text11                             33B0     33B0       2C      B01       0
                text10                             37A8     37A8       12      B01       0
                text9                              376C     376C       14      B01       0
                text8                              3830     3830        6      B01       0
                text7                              3758     3758       14      B01       0
                text6                              3146     3146       52      B01       0
                text5                              206A     206A      1A6      B01       0
                text4                              2CDC     2CDC       88      B01       0
                text3                              3820     3820        8      B01       0
                text2                              3626     3626       1C      B01       0
                text1                              3500     3500       26      B01       0
                text0                              1E1E     1E1E      24C      B01       0
                cstackCOMRAM                        501      501       55      501       1
                cstackBANK5                         5D3      5D3        E      560       1
                bssBIGRAM                           660      660      BB8      660       1
                bssBANK6                            600      600       60      600       1
                dataBANK5                           5E1      5E1        8      560       1
                bssBANK5                            560      560       5F      560       1
                bssCOMRAM                           556      556        5      501       1
                cinit                              2DDE     2DDE       6E      B01       0
                nvBANK5                             5BF      5BF       14      560       1
                idataBANK5                         3818     3818        8      B01       0

TOTAL           Name                               Link     Load   Length     Space
        CLASS   CODE           
                init                                 1A       1A        4         0
                reset_vec                             0        0        4         0
                ivt0x8                                8        8       12         0
                text88                             37DE     37DE       10         0
                text87                             3526     3526       24         0
                text86                             3382     3382       2E         0
                text85                             3828     3828        8         0
                text84                             29AC     29AC       AE         0
                text83                             36CC     36CC       1A         0
                text82                             2B06     2B06       A4         0
                text81                             2EB8     2EB8       6A         0
                text80                             28FC     28FC       B0         0
                text79                             3486     3486       2A         0
                text78                             35AC     35AC       20         0
                text77                             37CC     37CC       12         0
                text76                             34D8     34D8       28         0
                text75                             345C     345C       2A         0
                text74                             2BAA     2BAA       A2         0
                text73                             2C4C     2C4C       90         0
                text72                             3198     3198       4C         0
                text71                             3742     3742       16         0
                text70                             3320     3320       34         0
                text69                             372C     372C       16         0
                text68                             31E4     31E4       4A         0
                text67                             2A5A     2A5A       AC         0
                text66                             273A     273A       E4         0
                text65                             2F22     2F22       64         0
                text64                             30F2     30F2       54         0
                text63                             37BA     37BA       12         0
                text62                             380E     380E        A         0
                text61                             2210     2210      17A         0
                text60                             2610     2610      12A         0
                text59                             385A     385A        6         0
                text58                             24E6     24E6      12A         0
                text57                             358C     358C       20         0
                text56                             3696     3696       1C         0
                text55                             3608     3608       1E         0
                text54                             354A     354A       22         0
                text53                             3854     3854        6         0
                text52                             309A     309A       58         0
                text51                             384E     384E        6         0
                text50                             32EC     32EC       34         0
                text49                             3354     3354       2E         0
                text48                             1602     1602      42C         0
                text47                             35EA     35EA       1E         0
                text46                             34B0     34B0       28         0
                text45                             356C     356C       20         0
                text44                             281E     281E       DE         0
                text43                             3862     3862        2         0
                text42                             3848     3848        6         0
                text41                             367A     367A       1C         0
                text40                             3842     3842        6         0
                text39                             2E4C     2E4C       6C         0
                text38                             383C     383C        6         0
                text37                             35CC     35CC       1E         0
                text36                             3794     3794       14         0
                text35                             36B2     36B2       1A         0
                text34                             36FE     36FE       18         0
                text33                             3804     3804        A         0
                text32                             3716     3716       16         0
                text31                             2D64     2D64       7A         0
                text30                             3780     3780       14         0
                text29                             37EE     37EE        C         0
                text28                             32B0     32B0       3C         0
                text27                             37FA     37FA        A         0
                text26                             3432     3432       2A         0
                text25                             36E6     36E6       18         0
                text24                             2FE8     2FE8       5A         0
                text23                             1A2E     1A2E      3F0         0
                text22                             2F86     2F86       62         0
                text21                             3270     3270       40         0
                text20                             3860     3860        2         0
                text19                             33DC     33DC       2C         0
                text18                             3836     3836        6         0
                text17                             3042     3042       58         0
                text16                             238A     238A      15C         0
                text15                             365E     365E       1C         0
                text14                             3642     3642       1C         0
                text13                             3408     3408       2A         0
                text12                             322E     322E       42         0
                text11                             33B0     33B0       2C         0
                text10                             37A8     37A8       12         0
                text9                              376C     376C       14         0
                text8                              3830     3830        6         0
                text7                              3758     3758       14         0
                text6                              3146     3146       52         0
                text5                              206A     206A      1A6         0
                text4                              2CDC     2CDC       88         0
                text3                              3820     3820        8         0
                text2                              3626     3626       1C         0
                text1                              3500     3500       26         0
                text0                              1E1E     1E1E      24C         0
                cinit                              2DDE     2DDE       6E         0
                idataBANK5                         3818     3818        8         0

        CLASS   CONST          

        CLASS   SMALLCONST     
                smallconst                         1600     1600        2         0

        CLASS   MEDIUMCONST    

        CLASS   COMRAM         
                cstackCOMRAM                        501      501       55         1
                bssCOMRAM                           556      556        5         1

        CLASS   ABS1           

        CLASS   BIGRAM         
                bssBIGRAM                           660      660      BB8         1

        CLASS   RAM            

        CLASS   BANK5          
                cstackBANK5                         5D3      5D3        E         1
                dataBANK5                           5E1      5E1        8         1
                bssBANK5                            560      560       5F         1
                nvBANK5                             5BF      5BF       14         1

        CLASS   BANK6          
                bssBANK6                            600      600       60         1

        CLASS   BANK7          

        CLASS   BANK8          

        CLASS   BANK9          

        CLASS   BANK10         

        CLASS   BANK11         

        CLASS   BANK12         

        CLASS   BANK13         

        CLASS   BANK14         

        CLASS   BANK15         

        CLASS   BANK16         

        CLASS   BANK17         

        CLASS   BANK18         

        CLASS   BANK19         

        CLASS   BANK20         

        CLASS   SFR            

        CLASS   BIGSFR         

        CLASS   CONFIG         
                config                           300000   300000        6         4

        CLASS   IDLOC          

        CLASS   EEDATA         

        CLASS   FARRAM         

        CLASS   HEAP           

        CLASS   STACK          



SEGMENTS        Name                           Load    Length   Top    Selector   Space  Class

                reset_vec                      000000  000004  000004         0       0  CODE    
                bssBANK6                       000600  000060  000660       600       1  BANK6   
                text48                         001602  002262  003864       B01       0  CODE    
                bssBIGRAM                      000660  000BB8  001218       660       1  BIGRAM  
                ivt0x8                         000008  000016  00001E         4       0  CODE    
                cstackCOMRAM                   000501  00005A  00055B       501       1  COMRAM  
                bssBANK5                       000560  000089  0005E9       560       1  BANK5   
                smallconst                     001600  000002  001602       B00       0  SMALLCON


UNUSED ADDRESS RANGES

        Name                Unused          Largest block    Delta
        BANK18           001218-0012FF               E8
        BANK19           001300-0013FF              100
        BANK20           001400-0014FF              100
        BANK5            0005E9-0005FF               17
        BIGRAM           00055B-00055F                5
                         0005E9-0005FF               17
                         001218-0014FF              2E8
        BIGSFR           000000-0004FF              500
                         001500-0015FF              100
        CODE             000004-000007                4
                         00001E-0015FF             15E2
                         003864-00FFFF             C79C
        COMRAM           00055B-00055F                5
        CONFIG           300006-300011                C
        CONST            000004-000007                4
                         00001E-0015FF             15E2
                         003864-00FFFF             C79C
        EEDATA           380000-3801FF              200
        IDLOC            200000-20003F               40
        MEDIUMCONST      003864-00FFFF             C79C
        RAM              0005E9-0005FF               17
                         001218-0014FF              100
        SFR              000000-0004FF              100
                         001500-0015FF              100
        SMALLCONST       003864-00FFFF              100

                                  Symbol Table

?_FlowControl_GetTempLockCount        cstackCOMRAM 000506
?_FlowLog_GetCaptureCount             cstackCOMRAM 000506
?_FlowLog_GetWriteIndex               cstackCOMRAM 000506
?_FlowMeter_GetTotal                  cstackCOMRAM 000510
?_Packet_CRC16                        cstackCOMRAM 00050C
?_Packet_CRC16_Init                   cstackCOMRAM 000506
?_Packet_CRC16_Update                 cstackCOMRAM 000506
?_PulseCounter_Get                    cstackCOMRAM 000506
?___lldiv                             cstackCOMRAM 000512
?___lmul                              cstackCOMRAM 000506
?___lwmod                             cstackCOMRAM 000506
?_getNowTime                          cstackCOMRAM 000506
?_quantize_window                     cstackCOMRAM 00051F
?_sliding_sum                         cstackCOMRAM 000527
?_timeSpan                            cstackCOMRAM 00050A
Compress_Pack@dst                     cstackCOMRAM 00050A
Compress_Pack@g                       cstackCOMRAM 000510
Compress_Pack@p                       cstackCOMRAM 000512
Compress_Pack@pulses                  cstackCOMRAM 000508
Compress_Pack@time16                  cstackCOMRAM 000506
Compress_Pack@v                       cstackCOMRAM 000514
Compress_Unpack@pulses                cstackCOMRAM 00050A
Compress_Unpack@src                   cstackCOMRAM 000506
Compress_Unpack@time16                cstackCOMRAM 000508
Compress_Unpack@v                     cstackCOMRAM 00051B
FlowControl_GetLockFlags@f            cstackCOMRAM 000506
FlowControl_GetParams@out             cstackCOMRAM 000506
FlowControl_OnCapture@delta           cstackBANK5  0005D3
FlowControl_SetParams@in              cstackCOMRAM 000506
FlowControl_Unlock@flags              cstackCOMRAM 00050C
FlowLog_GetAt@index                   cstackCOMRAM 00051F
FlowLog_GetAt@out                     cstackCOMRAM 000521
FlowLog_GetAt@slot                    cstackCOMRAM 000525
FlowLog_Process@cur                   cstackBANK5  0005D9
FlowLog_Process@delta                 cstackBANK5  0005DD
FlowLog_Process@slot                  cstackBANK5  0005D7
FlowReport_Process@count              cstackCOMRAM 000529
FlowReport_Process@count_1656         cstackCOMRAM 000543
FlowReport_Process@crc                cstackCOMRAM 00052D
FlowReport_Process@e                  cstackCOMRAM 00053D
FlowReport_Process@hdr                cstackCOMRAM 000536
FlowReport_Process@hdr_1657           cstackCOMRAM 000532
FlowReport_Process@k                  cstackCOMRAM 000541
FlowReport_Process@k_1664             cstackCOMRAM 000542
FlowReport_Process@plen               cstackCOMRAM 00053B
FlowReport_Process@raw                cstackCOMRAM 00052F
FlowReport_SendAck@d                  cstackCOMRAM 000531
FlowReport_SendAck@echoed_func        cstackCOMRAM 000530
FlowReport_SendNak@d                  cstackCOMRAM 000531
FlowReport_SendNak@reason             cstackCOMRAM 000530
FlowReport_SendParam@d                cstackCOMRAM 000530
FlowReport_SendParam@pr               cstackCOMRAM 000538
FlowReport_SendValve@d                cstackCOMRAM 000530
FlowReport_SendValve@tc               cstackCOMRAM 000538
IVTBASEH                              (abs)        00045E
IVTBASEL                              (abs)        00045D
IVTBASEU                              (abs)        00045F
MCU_Time_Advance@unMs                 cstackCOMRAM 000506
Packet_CRC16@crc                      cstackCOMRAM 000510
Packet_CRC16@data                     cstackCOMRAM 00050C
Packet_CRC16@len                      cstackCOMRAM 00050E
Packet_CRC16_Update@b                 cstackCOMRAM 000508
Packet_CRC16_Update@crc               cstackCOMRAM 000506
Packet_CRC16_Update@i                 cstackCOMRAM 00050B
Packet_ParseByte@b                    cstackCOMRAM 00050E
Packet_ParseByte@p                    cstackCOMRAM 00050C
Packet_ParserReset@p                  cstackCOMRAM 000506
Packet_ParserTimeoutCheck@p           cstackCOMRAM 00051A
PulseCounter_Get@hi                   cstackCOMRAM 00050B
PulseCounter_Get@lo                   cstackCOMRAM 00050A
UART_ISR@ch                           cstackCOMRAM 000503
UART_RX_Pop@b                         cstackCOMRAM 000506
UART_RX_Pop@ok                        cstackCOMRAM 000508
UART_RX_Push@b                        cstackCOMRAM 000501
UART_RX_SetCallback@cb                cstackCOMRAM 000506
_ANSELAbits                           (abs)        000400
_ANSELCbits                           (abs)        000410
_CPUDOZEbits                          (abs)        0004F2
_Compress_Pack                        text67       002A5A
_Compress_Unpack                      text66       00273A
_FlowControl_GetLockFlags             text11       0033B0
_FlowControl_GetParams                text13       003408
_FlowControl_GetTempLockCount         text10       0037A8
_FlowControl_Init                     text78       0035AC
_FlowControl_OnCapture                text59       00385A
_FlowControl_Process                  text72       003198
_FlowControl_RecalcDerived            text79       003486
_FlowControl_SetParams                text20       003860
_FlowControl_Unlock                   text19       0033DC
_FlowLog_BatchReady                   text55       003608
_FlowLog_GetAt                        text64       0030F2
_FlowLog_GetCaptureCount              text63       0037BA
_FlowLog_GetWriteIndex                text62       00380E
_FlowLog_Init                         text68       0031E4
_FlowLog_Process                      text58       0024E6
_FlowMeter_GetTotal                   text69       00372C
_FlowMeter_Init                       text57       00358C
_FlowReport_Init                      text56       003696
_FlowReport_IsSending                 text25       0036E6
_FlowReport_NotifyAA                  text18       003836
_FlowReport_Process                   text48       001602
_FlowReport_SendAck                   text15       00365E
_FlowReport_SendNak                   text14       003642
_FlowReport_SendParam                 text12       00322E
_FlowReport_SendValve                 text6        003146
_FlowReport_WakeDuePending            text47       0035EA
_INTCON0bits                          (abs)        0004D6
_LATAbits                             (abs)        0004BE
_LATCbits                             (abs)        0004C0
_LEDs_Init                            text46       0034B0
_LedFsm_Init                          text45       00356C
_LedFsm_NotifyDataCycle               text54       00354A
_LedFsm_NotifyWake                    text2        003626
_LedFsm_Process                       text44       00281E
_MCU_Time_Advance                     text36       003794
_MCU_Time_Increase_Unit               text88       0037DE
_MCU_Time_Init                        text30       003780
_MCU_Time_Process                     text43       003862
_MValve_OP3_CmdClose                  text76       0034D8
_MValve_OP3_CmdOpen                   text75       00345C
_MValve_OP3_GetCtrlPin                text9        00376C
_MValve_OP3_GetMotion                 text8        003830
_MValve_OP3_GetPwrPin                 text7        003758
_MValve_OP3_Init                      text41       00367A
_MValve_OP3_IsBusy                    text40       003842
_MValve_OP3_Process                   text39       002E4C
_PCON0                                (abs)        0004F0
_PCON0bits                            (abs)        0004F0
_PIE3bits                             (abs)        0004AB
_PIE4bits                             (abs)        0004AC
_PIR3bits                             (abs)        0004B6
_PIR4bits                             (abs)        0004B7
_Packet_CRC16                         text17       003042
_Packet_CRC16_Init                    text53       003854
_Packet_CRC16_Update                  text52       00309A
_Packet_ParseByte                     text23       001A2E
_Packet_ParseByte$1921                cstackCOMRAM 000513
_Packet_ParserReset                   text24       002FE8
_Packet_ParserTimeoutCheck            text22       002F86
_PulseCounter_Enable                  text38       00383C
_PulseCounter_Get                     text71       003742
_PulseCounter_Init                    text37       0035CC
_RC0PPS                               (abs)        000211
_Sys_Time_EnterDeepSleep              text31       002D64
_Sys_Time_ISR                         text87       003526
_Sys_Time_Init                        text29       0037EE
_Sys_Time_ResumeTick                  text35       0036B2
_T0CON0                               (abs)        00031A
_T0CON0bits                           (abs)        00031A
_T0CON1                               (abs)        00031B
_T1CKIPPS                             (abs)        000242
_T1CLK                                (abs)        000317
_T1CON                                (abs)        000314
_T1CONbits                            (abs)        000314
_T1GCON                               (abs)        000315
_T2CLKCON                             (abs)        000320
_T2CON                                (abs)        00031E
_T2CONbits                            (abs)        00031E
_T2HLT                                (abs)        00031F
_T2PR                                 (abs)        00031D
_TMR0H                                (abs)        000319
_TMR0L                                (abs)        000318
_TMR1H                                (abs)        000313
_TMR1L                                (abs)        000312
_TRISAbits                            (abs)        0004C6
_TRISCbits                            (abs)        0004C8
_U1BRGH                               (abs)        0002AF
_U1BRGL                               (abs)        0002AE
_U1CON0bits                           (abs)        0002AB
_U1CON1bits                           (abs)        0002AC
_U1ERRIRbits                          (abs)        0002B2
_U1FIFObits                           (abs)        0002B0
_U1RXB                                (abs)        0002A1
_U1RXPPS                              (abs)        000272
_U1TXB                                (abs)        0002A3
_U1UIRbits                            (abs)        0002B1
_UART_ISR                             text84       0029AC
_UART_Init                            text28       0032B0
_UART_RX_Pop                          text21       003270
_UART_RX_Push                         text86       003382
_UART_RX_SetCallback                  text27       0037FA
_UART_TX_Free                         text51       00384E
_UART_TX_IsEmpty                      text26       003432
_UART_TX_IsEmpty$1343                 cstackCOMRAM 000506
_UART_WakeArm                         text34       0036FE
_UART_WakeDisarm                      text33       003804
_UART_WokeByEdge                      text32       003716
_WDTCON0bits                          (abs)        000078
_WPUCbits                             (abs)        000411
__HRAM                                (abs)        000000
__H__absolute__                       __absolute__ 000000
__Habs1                               abs1         000000
__Hbank10                             bank10       000000
__Hbank11                             bank11       000000
__Hbank12                             bank12       000000
__Hbank13                             bank13       000000
__Hbank14                             bank14       000000
__Hbank15                             bank15       000000
__Hbank16                             bank16       000000
__Hbank17                             bank17       000000
__Hbank18                             bank18       000000
__Hbank19                             bank19       000000
__Hbank20                             bank20       000000
__Hbank5                              bank5        000000
__Hbank6                              bank6        000000
__Hbank7                              bank7        000000
__Hbank8                              bank8        000000
__Hbank9                              bank9        000000
__Hbigbss                             bigbss       000000
__Hbigdata                            bigdata      000000
__Hbigram                             bigram       000000
__Hbigsfr                             bigsfr       000000
__Hbss                                bss          000000
__HbssBANK5                           bssBANK5     000000
__HbssBANK6                           bssBANK6     000000
__HbssBIGRAM                          bssBIGRAM    000000
__HbssCOMRAM                          bssCOMRAM    000000
__Hcinit                              cinit        000000
__Hclrtext                            clrtext      000000
__Hcomram                             comram       000000
__Hconfig                             config       300006
__Hconst                              const        000000
__HcstackBANK5                        cstackBANK5  000000
__HcstackCOMRAM                       cstackCOMRAM 000000
__Hdata                               data         000000
__HdataBANK5                          dataBANK5    000000
__Heeprom_data                        eeprom_data  000000
__Hfarbss                             farbss       000000
__Hfardata                            fardata      000000
__Hheap                               heap         000000
__Hibigdata                           ibigdata     000000
__Hidata                              idata        000000
__HidataBANK5                         idataBANK5   000000
__Hidloc                              idloc        000000
__Hifardata                           ifardata     000000
__Hinit                               init         00001E
__Hintsave_regs                       intsave_regs 000000
__Hirdata                             irdata       000000
__Hivt0x8                             ivt0x8       00001A
__Hmediumconst                        mediumconst  000000
__HnvBANK5                            nvBANK5      000000
__HnvFARRAM                           nvFARRAM     000000
__Hnvbit                              nvbit        000000
__Hnvrram                             nvrram       000000
__Hparam                              rparam       000000
__Hpowerup                            powerup      000000
__Hram                                ram          000000
__Hramtop                             ramtop       001600
__Hrbit                               rbit         000000
__Hrbss                               rbss         000000
__Hrdata                              rdata        000000
__Hreset_vec                          reset_vec    000004
__Hrparam                             rparam       000000
__Hsfr                                sfr          000000
__Hsmallconst                         smallconst   001602
__Hspace_0                            (abs)        003864
__Hspace_1                            (abs)        001218
__Hspace_2                            (abs)        000000
__Hspace_4                            (abs)        600006
__Hstack                              stack        000000
__Hstruct                             struct       000000
__Htemp                               temp         000000
__Htext                               text         000000
__Htext0                              text0        000000
__Htext1                              text1        000000
__Htext10                             text10       000000
__Htext11                             text11       000000
__Htext12                             text12       000000
__Htext13                             text13       000000
__Htext14                             text14       000000
__Htext15                             text15       000000
__Htext16                             text16       000000
__Htext17                             text17       000000
__Htext18                             text18       000000
__Htext19                             text19       000000
__Htext2                              text2        000000
__Htext20                             text20       000000
__Htext21                             text21       000000
__Htext22                             text22       000000
__Htext23                             text23       000000
__Htext24                             text24       000000
__Htext25                             text25       000000
__Htext26                             text26       000000
__Htext27                             text27       000000
__Htext28                             text28       000000
__Htext29                             text29       000000
__Htext3                              text3        000000
__Htext30                             text30       000000
__Htext31                             text31       000000
__Htext32                             text32       000000
__Htext33                             text33       000000
__Htext34                             text34       000000
__Htext35                             text35       000000
__Htext36                             text36       000000
__Htext37                             text37       000000
__Htext38                             text38       000000
__Htext39                             text39       000000
__Htext4                              text4        000000
__Htext40                             text40       000000
__Htext41                             text41       000000
__Htext42                             text42       000000
__Htext43                             text43       000000
__Htext44                             text44       000000
__Htext45                             text45       000000
__Htext46                             text46       000000
__Htext47                             text47       000000
__Htext48                             text48       000000
__Htext49                             text49       000000
__Htext5                              text5        000000
__Htext50                             text50       000000
__Htext51                             text51       000000
__Htext52                             text52       000000
__Htext53                             text53       000000
__Htext54                             text54       000000
__Htext55                             text55       000000
__Htext56                             text56       000000
__Htext57                             text57       000000
__Htext58                             text58       000000
__Htext59                             text59       000000
__Htext6                              text6        000000
__Htext60                             text60       000000
__Htext61                             text61       000000
__Htext62                             text62       000000
__Htext63                             text63       000000
__Htext64                             text64       000000
__Htext65                             text65       000000
__Htext66                             text66       000000
__Htext67                             text67       000000
__Htext68                             text68       000000
__Htext69                             text69       000000
__Htext7                              text7        000000
__Htext70                             text70       000000
__Htext71                             text71       000000
__Htext72                             text72       000000
__Htext73                             text73       000000
__Htext74                             text74       000000
__Htext75                             text75       000000
__Htext76                             text76       000000
__Htext77                             text77       000000
__Htext78                             text78       000000
__Htext79                             text79       000000
__Htext8                              text8        000000
__Htext80                             text80       000000
__Htext81                             text81       000000
__Htext82                             text82       000000
__Htext83                             text83       000000
__Htext84                             text84       000000
__Htext85                             text85       000000
__Htext86                             text86       000000
__Htext87                             text87       000000
__Htext88                             text88       000000
__Htext9                              text9        000000
__LRAM                                (abs)        000001
__L__absolute__                       __absolute__ 000000
__Labs1                               abs1         000000
__Lbank10                             bank10       000000
__Lbank11                             bank11       000000
__Lbank12                             bank12       000000
__Lbank13                             bank13       000000
__Lbank14                             bank14       000000
__Lbank15                             bank15       000000
__Lbank16                             bank16       000000
__Lbank17                             bank17       000000
__Lbank18                             bank18       000000
__Lbank19                             bank19       000000
__Lbank20                             bank20       000000
__Lbank5                              bank5        000000
__Lbank6                              bank6        000000
__Lbank7                              bank7        000000
__Lbank8                              bank8        000000
__Lbank9                              bank9        000000
__Lbigbss                             bigbss       000000
__Lbigdata                            bigdata      000000
__Lbigram                             bigram       000000
__Lbigsfr                             bigsfr       000000
__Lbss                                bss          000000
__LbssBANK5                           bssBANK5     000000
__LbssBANK6                           bssBANK6     000000
__LbssBIGRAM                          bssBIGRAM    000000
__LbssCOMRAM                          bssCOMRAM    000000
__Lcinit                              cinit        000000
__Lclrtext                            clrtext      000000
__Lcomram                             comram       000000
__Lconfig                             config       000000
__Lconst                              const        000000
__LcstackBANK5                        cstackBANK5  000000
__LcstackCOMRAM                       cstackCOMRAM 000000
__Ldata                               data         000000
__LdataBANK5                          dataBANK5    000000
__Leeprom_data                        eeprom_data  000000
__Lfarbss                             farbss       000000
__Lfardata                            fardata      000000
__Lheap                               heap         000000
__Libigdata                           ibigdata     000000
__Lidata                              idata        000000
__LidataBANK5                         idataBANK5   000000
__Lidloc                              idloc        000000
__Lifardata                           ifardata     000000
__Linit                               init         00001A
__Lintsave_regs                       intsave_regs 000000
__Lirdata                             irdata       000000
__Livt0x8                             ivt0x8       000008
__Lmediumconst                        mediumconst  000000
__LnvBANK5                            nvBANK5      000000
__LnvFARRAM                           nvFARRAM     000000
__Lnvbit                              nvbit        000000
__Lnvrram                             nvrram       000000
__Lparam                              rparam       000000
__Lpowerup                            powerup      000000
__Lram                                ram          000000
__Lramtop                             ramtop       001600
__Lrbit                               rbit         000000
__Lrbss                               rbss         000000
__Lrdata                              rdata        000000
__Lreset_vec                          reset_vec    000000
__Lrparam                             rparam       000000
__Lsfr                                sfr          000000
__Lsmallconst                         smallconst   001600
__Lspace_0                            (abs)        000000
__Lspace_1                            (abs)        000000
__Lspace_2                            (abs)        000000
__Lspace_4                            (abs)        000000
__Lstack                              stack        000000
__Lstruct                             struct       000000
__Ltemp                               temp         000000
__Ltext                               text         000000
__Ltext0                              text0        000000
__Ltext1                              text1        000000
__Ltext10                             text10       000000
__Ltext11                             text11       000000
__Ltext12                             text12       000000
__Ltext13                             text13       000000
__Ltext14                             text14       000000
__Ltext15                             text15       000000
__Ltext16                             text16       000000
__Ltext17                             text17       000000
__Ltext18                             text18       000000
__Ltext19                             text19       000000
__Ltext2                              text2        000000
__Ltext20                             text20       000000
__Ltext21                             text21       000000
__Ltext22                             text22       000000
__Ltext23                             text23       000000
__Ltext24                             text24       000000
__Ltext25                             text25       000000
__Ltext26                             text26       000000
__Ltext27                             text27       000000
__Ltext28                             text28       000000
__Ltext29                             text29       000000
__Ltext3                              text3        000000
__Ltext30                             text30       000000
__Ltext31                             text31       000000
__Ltext32                             text32       000000
__Ltext33                             text33       000000
__Ltext34                             text34       000000
__Ltext35                             text35       000000
__Ltext36                             text36       000000
__Ltext37                             text37       000000
__Ltext38                             text38       000000
__Ltext39                             text39       000000
__Ltext4                              text4        000000
__Ltext40                             text40       000000
__Ltext41                             text41       000000
__Ltext42                             text42       000000
__Ltext43                             text43       000000
__Ltext44                             text44       000000
__Ltext45                             text45       000000
__Ltext46                             text46       000000
__Ltext47                             text47       000000
__Ltext48                             text48       000000
__Ltext49                             text49       000000
__Ltext5                              text5        000000
__Ltext50                             text50       000000
__Ltext51                             text51       000000
__Ltext52                             text52       000000
__Ltext53                             text53       000000
__Ltext54                             text54       000000
__Ltext55                             text55       000000
__Ltext56                             text56       000000
__Ltext57                             text57       000000
__Ltext58                             text58       000000
__Ltext59                             text59       000000
__Ltext6                              text6        000000
__Ltext60                             text60       000000
__Ltext61                             text61       000000
__Ltext62                             text62       000000
__Ltext63                             text63       000000
__Ltext64                             text64       000000
__Ltext65                             text65       000000
__Ltext66                             text66       000000
__Ltext67                             text67       000000
__Ltext68                             text68       000000
__Ltext69                             text69       000000
__Ltext7                              text7        000000
__Ltext70                             text70       000000
__Ltext71                             text71       000000
__Ltext72                             text72       000000
__Ltext73                             text73       000000
__Ltext74                             text74       000000
__Ltext75                             text75       000000
__Ltext76                             text76       000000
__Ltext77                             text77       000000
__Ltext78                             text78       000000
__Ltext79                             text79       000000
__Ltext8                              text8        000000
__Ltext80                             text80       000000
__Ltext81                             text81       000000
__Ltext82                             text82       000000
__Ltext83                             text83       000000
__Ltext84                             text84       000000
__Ltext85                             text85       000000
__Ltext86                             text86       000000
__Ltext87                             text87       000000
__Ltext88                             text88       000000
__Ltext9                              text9        000000
__S0                                  (abs)        003864
__S1                                  (abs)        001218
__S4                                  (abs)        000000
__S5                                  (abs)        000000
___heap_hi                            (abs)        000000
___heap_lo                            (abs)        000000
___inthi_sp                           stack        000000
___inthi_stack_hi                     stack        000000
___inthi_stack_lo                     stack        000000
___intlo_sp                           stack        000000
___intlo_stack_hi                     stack        000000
___intlo_stack_lo                     stack        000000
___lldiv                              text82       002B06
___lldiv@counter                      cstackCOMRAM 00051E
___lldiv@dividend                     cstackCOMRAM 000512
___lldiv@divisor                      cstackCOMRAM 000516
___lldiv@quotient                     cstackCOMRAM 00051A
___lmul                               text81       002EB8
___lmul@multiplicand                  cstackCOMRAM 00050A
___lmul@multiplier                    cstackCOMRAM 000506
___lmul@product                       cstackCOMRAM 00050E
___lwmod                              text65       002F22
___lwmod@counter                      cstackCOMRAM 00050A
___lwmod@dividend                     cstackCOMRAM 000506
___lwmod@divisor                      cstackCOMRAM 000508
___param_bank                         (abs)        000000
___rparam_used                        (abs)        000001
___sp                                 stack        000000
___stack_hi                           stack        000000
___stack_lo                           stack        000000
__accesstop                           (abs)        000560
__activetblptr                        (abs)        000002
__end_of_Compress_Pack                text67       002B06
__end_of_Compress_Unpack              text66       00281E
__end_of_FlowControl_GetLockFlags     text11       0033DC
__end_of_FlowControl_GetParams        text13       003432
__end_of_FlowControl_GetTempLockCount text10       0037BA
__end_of_FlowControl_Init             text78       0035CC
__end_of_FlowControl_OnCapture        text59       003860
__end_of_FlowControl_Process          text72       0031E4
__end_of_FlowControl_RecalcDerived    text79       0034B0
__end_of_FlowControl_SetParams        text20       003862
__end_of_FlowControl_Unlock           text19       003408
__end_of_FlowLog_BatchReady           text55       003626
__end_of_FlowLog_GetAt                text64       003146
__end_of_FlowLog_GetCaptureCount      text63       0037CC
__end_of_FlowLog_GetWriteIndex        text62       003818
__end_of_FlowLog_Init                 text68       00322E
__end_of_FlowLog_Process              text58       002610
__end_of_FlowMeter_GetTotal           text69       003742
__end_of_FlowMeter_Init               text57       0035AC
__end_of_FlowReport_Init              text56       0036B2
__end_of_FlowReport_IsSending         text25       0036FE
__end_of_FlowReport_NotifyAA          text18       00383C
__end_of_FlowReport_Process           text48       001A2E
__end_of_FlowReport_SendAck           text15       00367A
__end_of_FlowReport_SendNak           text14       00365E
__end_of_FlowReport_SendParam         text12       003270
__end_of_FlowReport_SendValve         text6        003198
__end_of_FlowReport_WakeDuePending    text47       003608
__end_of_LEDs_Init                    text46       0034D8
__end_of_LedFsm_Init                  text45       00358C
__end_of_LedFsm_NotifyDataCycle       text54       00356C
__end_of_LedFsm_NotifyWake            text2        003642
__end_of_LedFsm_Process               text44       0028FC
__end_of_MCU_Time_Advance             text36       0037A8
__end_of_MCU_Time_Increase_Unit       text88       0037EE
__end_of_MCU_Time_Init                text30       003794
__end_of_MCU_Time_Process             text43       003864
__end_of_MValve_OP3_CmdClose          text76       003500
__end_of_MValve_OP3_CmdOpen           text75       003486
__end_of_MValve_OP3_GetCtrlPin        text9        003780
__end_of_MValve_OP3_GetMotion         text8        003836
__end_of_MValve_OP3_GetPwrPin         text7        00376C
__end_of_MValve_OP3_Init              text41       003696
__end_of_MValve_OP3_IsBusy            text40       003848
__end_of_MValve_OP3_Process           text39       002EB8
__end_of_Packet_CRC16                 text17       00309A
__end_of_Packet_CRC16_Init            text53       00385A
__end_of_Packet_CRC16_Update          text52       0030F2
__end_of_Packet_ParseByte             text23       001E1E
__end_of_Packet_ParserReset           text24       003042
__end_of_Packet_ParserTimeoutCheck    text22       002FE8
__end_of_PulseCounter_Enable          text38       003842
__end_of_PulseCounter_Get             text71       003758
__end_of_PulseCounter_Init            text37       0035EA
__end_of_Sys_Time_EnterDeepSleep      text31       002DDE
__end_of_Sys_Time_ISR                 text87       00354A
__end_of_Sys_Time_Init                text29       0037FA
__end_of_Sys_Time_ResumeTick          text35       0036CC
__end_of_UART_ISR                     text84       002A5A
__end_of_UART_Init                    text28       0032EC
__end_of_UART_RX_Pop                  text21       0032B0
__end_of_UART_RX_Push                 text86       0033B0
__end_of_UART_RX_SetCallback          text27       003804
__end_of_UART_TX_Free                 text51       003854
__end_of_UART_TX_IsEmpty              text26       00345C
__end_of_UART_WakeArm                 text34       003716
__end_of_UART_WakeDisarm              text33       00380E
__end_of_UART_WokeByEdge              text32       00372C
__end_of___lldiv                      text82       002BAA
__end_of___lmul                       text81       002F22
__end_of___lwmod                      text65       002F86
__end_of__initialization              cinit        002E42
__end_of_apply_valve                  text74       002C4C
__end_of_dispatch_packet              text5        002210
__end_of_evaluate_alerts              text60       00273A
__end_of_flowmeter_refresh            text70       003354
__end_of_getNowTime                   text77       0037DE
__end_of_isr                          text83       0036E6
__end_of_main                         text0        00206A
__end_of_on_uart_rx                   text85       003830
__end_of_packet_rx_pump               text4        002D64
__end_of_photon_power_off             text3        003828
__end_of_photon_power_on              text1        003526
__end_of_print_char                   text50       003320
__end_of_quantize_window              text80       0029AC
__end_of_send_raw                     text49       003382
__end_of_send_small_packet            text16       0024E6
__end_of_sliding_sum                  text61       00238A
__end_of_timeSpan                     text73       002CDC
__end_of_valve_pins_idle              text42       00384E
__initialization                      cinit        002DDE
__mediumconst                         smallconst   001600
__pbssBANK5                           bssBANK5     000560
__pbssBANK6                           bssBANK6     000600
__pbssBIGRAM                          bssBIGRAM    000660
__pbssCOMRAM                          bssCOMRAM    000556
__pcinit                              cinit        002DDE
__pcstackBANK5                        cstackBANK5  0005D3
__pcstackCOMRAM                       cstackCOMRAM 000501
__pdataBANK5                          dataBANK5    0005E1
__pidataBANK5                         idataBANK5   003818
__pivt0x8                             ivt0x8       000008
__pnvBANK5                            nvBANK5      0005BF
__psmallconst                         smallconst   001600
__ptext0                              text0        001E1E
__ptext1                              text1        003500
__ptext10                             text10       0037A8
__ptext11                             text11       0033B0
__ptext12                             text12       00322E
__ptext13                             text13       003408
__ptext14                             text14       003642
__ptext15                             text15       00365E
__ptext16                             text16       00238A
__ptext17                             text17       003042
__ptext18                             text18       003836
__ptext19                             text19       0033DC
__ptext2                              text2        003626
__ptext20                             text20       003860
__ptext21                             text21       003270
__ptext22                             text22       002F86
__ptext23                             text23       001A2E
__ptext24                             text24       002FE8
__ptext25                             text25       0036E6
__ptext26                             text26       003432
__ptext27                             text27       0037FA
__ptext28                             text28       0032B0
__ptext29                             text29       0037EE
__ptext3                              text3        003820
__ptext30                             text30       003780
__ptext31                             text31       002D64
__ptext32                             text32       003716
__ptext33                             text33       003804
__ptext34                             text34       0036FE
__ptext35                             text35       0036B2
__ptext36                             text36       003794
__ptext37                             text37       0035CC
__ptext38                             text38       00383C
__ptext39                             text39       002E4C
__ptext4                              text4        002CDC
__ptext40                             text40       003842
__ptext41                             text41       00367A
__ptext42                             text42       003848
__ptext43                             text43       003862
__ptext44                             text44       00281E
__ptext45                             text45       00356C
__ptext46                             text46       0034B0
__ptext47                             text47       0035EA
__ptext48                             text48       001602
__ptext49                             text49       003354
__ptext5                              text5        00206A
__ptext50                             text50       0032EC
__ptext51                             text51       00384E
__ptext52                             text52       00309A
__ptext53                             text53       003854
__ptext54                             text54       00354A
__ptext55                             text55       003608
__ptext56                             text56       003696
__ptext57                             text57       00358C
__ptext58                             text58       0024E6
__ptext59                             text59       00385A
__ptext6                              text6        003146
__ptext60                             text60       002610
__ptext61                             text61       002210
__ptext62                             text62       00380E
__ptext63                             text63       0037BA
__ptext64                             text64       0030F2
__ptext65                             text65       002F22
__ptext66                             text66       00273A
__ptext67                             text67       002A5A
__ptext68                             text68       0031E4
__ptext69                             text69       00372C
__ptext7                              text7        003758
__ptext70                             text70       003320
__ptext71                             text71       003742
__ptext72                             text72       003198
__ptext73                             text73       002C4C
__ptext74                             text74       002BAA
__ptext75                             text75       00345C
__ptext76                             text76       0034D8
__ptext77                             text77       0037CC
__ptext78                             text78       0035AC
__ptext79                             text79       003486
__ptext8                              text8        003830
__ptext80                             text80       0028FC
__ptext81                             text81       002EB8
__ptext82                             text82       002B06
__ptext83                             text83       0036CC
__ptext84                             text84       0029AC
__ptext85                             text85       003828
__ptext86                             text86       003382
__ptext87                             text87       003526
__ptext88                             text88       0037DE
__ptext9                              text9        00376C
__ramtop                              ramtop       001600
__smallconst                          smallconst   001600
_apply_valve                          text74       002BAA
_apply_valve$1782                     cstackCOMRAM 00050A
_dispatch_packet                      text5        00206A
_evaluate_alerts                      text60       002610
_flowmeter_refresh                    text70       003320
_getNowTime                           text77       0037CC
_isr                                  text83       0036CC
_main                                 text0        001E1E
_on_uart_rx                           text85       003828
_packet_rx_pump                       text4        002CDC
_photon_power_off                     text3        003820
_photon_power_on                      text1        003500
_print_char                           text50       0032EC
_quantize_window                      text80       0028FC
_s_aa                                 bssCOMRAM    000558
_s_batch_ready                        bssBANK5     00059F
_s_buf                                bssBIGRAM    000660
_s_captures                           bssBANK5     000574
_s_drive_ms                           bssBANK5     000560
_s_drive_open                         bssBANK5     000592
_s_driving                            bssBANK5     000593
_s_end                                bssBANK5     00058A
_s_group                              bssBANK5     00058E
_s_i                                  bssBANK5     000588
_s_last_valid_ms                      bssBANK5     000580
_s_leak1_window_n                     nvBANK5      0005CD
_s_leak2_window_n                     nvBANK5      0005CB
_s_mark                               nvBANK5      0005BF
_s_mark_ms                            nvBANK5      0005C7
_s_mode                               bssBANK5     00059A
_s_motion                             bssBANK5     000594
_s_off_request                        bssBANK5     0005A4
_s_param                              dataBANK5    0005E1
_s_parser                             bssBANK5     0005A7
_s_perm_locked                        bssBANK5     000597
_s_phase0                             bssBANK5     00056C
_s_pkt_seen                           bssBANK5     0005A5
_s_prev_cnt                           nvBANK5      0005CF
_s_prev_total                         nvBANK5      0005C3
_s_pwr                                bssBANK5     0005A6
_s_pwr_on_ms                          bssBANK5     000584
_s_read                               bssBANK5     00058C
_s_report_req                         bssBANK5     00059B
_s_rsp_crc                            bssCOMRAM    000556
_s_rx_buf                             bssBANK6     000640
_s_rx_cb                              nvBANK5      0005D1
_s_rx_count                           bssBANK5     0005A0
_s_rx_head                            bssBANK5     0005A2
_s_rx_tail                            bssBANK5     0005A1
_s_send_state                         bssBANK5     00059C
_s_temp_lock_count                    bssBANK5     000564
_s_temp_locked                        bssBANK5     000598
_s_temp_unlock_ms                     bssBANK5     000568
_s_toggles                            bssBANK5     000599
_s_total                              bssBANK5     000578
_s_tx_buf                             bssBANK6     000600
_s_tx_count                           bssCOMRAM    000559
_s_tx_head                            bssCOMRAM    00055A
_s_tx_tail                            bssBANK5     0005A3
_s_valve_cmd_valid                    bssBANK5     000595
_s_valve_should_close                 bssBANK5     000596
_s_wake_due                           bssBANK5     00059D
_s_wake_ms                            bssBANK5     000570
_s_wake_state                         bssBANK5     00059E
_s_write                              bssBANK5     000590
_send_raw                             text49       003354
_send_small_packet                    text16       00238A
_sliding_sum                          text61       002210
_timeSpan                             text73       002C4C
_unNowTime_ms                         bssBANK5     00057C
_valve_pins_idle                      text42       003848
apply_valve@want_close                cstackCOMRAM 00050B
dispatch_packet@np                    cstackCOMRAM 000545
dispatch_packet@p                     cstackCOMRAM 000540
end_of_initialization                 cinit        002E42
evaluate_alerts@n1                    cstackCOMRAM 000551
evaluate_alerts@n2                    cstackCOMRAM 000553
evaluate_alerts@sum1                  cstackCOMRAM 000549
evaluate_alerts@sum2                  cstackCOMRAM 00054D
flowmeter_refresh@inc                 cstackCOMRAM 00050C
flowmeter_refresh@now                 cstackCOMRAM 00050E
intlevel0                             text         000000
intlevel1                             text         000000
intlevel2                             text         000000
intlevel3                             text         000000
isa$std                               (abs)        000001
isa$xinst                             (abs)        000000
ivt0x8_base                           ivt0x8       000008
main@wdt_reset                        cstackCOMRAM 000555
on_uart_rx@ch                         cstackCOMRAM 000502
packet_rx_pump@b                      cstackCOMRAM 00054D
print_char@c                          cstackCOMRAM 000506
quantize_window@n                     cstackCOMRAM 000521
quantize_window@window_s              cstackCOMRAM 00051F
send_raw@b                            cstackCOMRAM 000507
send_raw@k                            cstackCOMRAM 00050A
send_raw@n                            cstackCOMRAM 000509
send_small_packet@crc                 cstackCOMRAM 000528
send_small_packet@data                cstackCOMRAM 000512
send_small_packet@frame               cstackCOMRAM 000518
send_small_packet@func                cstackCOMRAM 000527
send_small_packet@i                   cstackCOMRAM 00052E
send_small_packet@k                   cstackCOMRAM 00052A
send_small_packet@k_1631              cstackCOMRAM 00052C
send_small_packet@len                 cstackCOMRAM 000514
sliding_sum@already                   cstackCOMRAM 00053D
sliding_sum@counted                   cstackCOMRAM 000537
sliding_sum@e                         cstackCOMRAM 000541
sliding_sum@idx                       cstackCOMRAM 000531
sliding_sum@k                         cstackCOMRAM 00053B
sliding_sum@limit                     cstackCOMRAM 000539
sliding_sum@out_n                     cstackCOMRAM 000529
sliding_sum@sum                       cstackCOMRAM 000533
sliding_sum@w                         cstackCOMRAM 00052F
sliding_sum@window_n                  cstackCOMRAM 000527
stackhi                               (abs)        000000
stacklo                               (abs)        000000
start                                 init         00001A
start_initialization                  cinit        002DDE
timeSpan@now                          cstackCOMRAM 000516
timeSpan@unOldTime_ms                 cstackCOMRAM 00050A


MODULE INFORMATION

Module		Function		Class		Link	Load	Size
MCU_Time.c
		_MCU_Time_Increase_Unit		CODE           	37DE	0000	16
		_timeSpan      		CODE           	2C4C	0000	144
		_MCU_Time_Advance		CODE           	3794	0000	20
		_MCU_Time_Init 		CODE           	3780	0000	20
		_getNowTime    		CODE           	37CC	0000	18

MCU_Time.c estimated size: 218

Compress_Pack_10_14.c
		_Compress_Pack 		CODE           	2A5A	0000	172
		_Compress_Unpack		CODE           	273A	0000	228

Compress_Pack_10_14.c estimated size: 400

FlowMeter.c
		_flowmeter_refresh		CODE           	3320	0000	52
		_FlowMeter_Init		CODE           	358C	0000	32
		_FlowMeter_GetTotal		CODE           	372C	0000	22

FlowMeter.c estimated size: 106

Packet.c
		_Packet_CRC16_Update		CODE           	309A	0000	88
		_Packet_CRC16  		CODE           	3042	0000	88
		_Packet_ParseByte		CODE           	1A2E	0000	1008
		_Packet_CRC16_Init		CODE           	3854	0000	6
		_Packet_ParserTimeoutCheck		CODE           	2F86	0000	98
		_Packet_ParserReset		CODE           	2FE8	0000	90

Packet.c estimated size: 1378

FlowReport.c
		_send_small_packet		CODE           	238A	0000	348
		_FlowReport_SendParam		CODE           	322E	0000	66
		_FlowReport_WakeDuePending		CODE           	35EA	0000	30
		_FlowReport_IsSending		CODE           	36E6	0000	24
		_send_raw      		CODE           	3354	0000	46
		_FlowReport_SendValve		CODE           	3146	0000	82
		_FlowReport_SendAck		CODE           	365E	0000	28
		_FlowReport_SendNak		CODE           	3642	0000	28
		_FlowReport_Init		CODE           	3696	0000	28
		_FlowReport_NotifyAA		CODE           	3836	0000	6
		_FlowReport_Process		CODE           	1602	0000	1068

FlowReport.c estimated size: 1754

Sys_Time_MCU_Specific.c
		_Sys_Time_ResumeTick		CODE           	36B2	0000	26
		_Sys_Time_ISR  		CODE           	3526	0000	36
		_Sys_Time_Init 		CODE           	37EE	0000	12
		_Sys_Time_EnterDeepSleep		CODE           	2D64	0000	122
		_MCU_Time_Process		CODE           	3862	0000	2

Sys_Time_MCU_Specific.c estimated size: 198

/Applications/microchip/xc8/v3.10/pic/sources/c99/common/Umul32.c
		___lmul        		CODE           	2EB8	0000	106

/Applications/microchip/xc8/v3.10/pic/sources/c99/common/Umul32.c estimated size: 106

Dev_Uart.c
		_UART_RX_SetCallback		CODE           	37FA	0000	10
		_UART_WakeArm  		CODE           	36FE	0000	24
		_UART_RX_Pop   		CODE           	3270	0000	64
		_UART_Init     		CODE           	32B0	0000	60
		_UART_RX_Push  		CODE           	3382	0000	46
		_UART_WokeByEdge		CODE           	3716	0000	22
		_print_char    		CODE           	32EC	0000	52
		_UART_TX_IsEmpty		CODE           	3432	0000	42
		_UART_ISR      		CODE           	29AC	0000	174
		_UART_WakeDisarm		CODE           	3804	0000	10
		_UART_TX_Free  		CODE           	384E	0000	6

Dev_Uart.c estimated size: 510

/Applications/microchip/xc8/v3.10/pic/sources/c99/common/__lldiv.c
		___lldiv       		CODE           	2B06	0000	164

/Applications/microchip/xc8/v3.10/pic/sources/c99/common/__lldiv.c estimated size: 164

shared
		__initialization		CODE           	2DDE	0000	100

shared estimated size: 100

/Applications/microchip/xc8/v3.10/pic/sources/c99/common/lwmod.c
		___lwmod       		CODE           	2F22	0000	100

/Applications/microchip/xc8/v3.10/pic/sources/c99/common/lwmod.c estimated size: 100

PulseCounter.c
		_PulseCounter_Init		CODE           	35CC	0000	30
		_PulseCounter_Enable		CODE           	383C	0000	6
		_PulseCounter_Get		CODE           	3742	0000	22

PulseCounter.c estimated size: 58

MValve_OP3.c
		_MValve_OP3_IsBusy		CODE           	3842	0000	6
		_MValve_OP3_CmdOpen		CODE           	345C	0000	42
		_MValve_OP3_Init		CODE           	367A	0000	28
		_MValve_OP3_Process		CODE           	2E4C	0000	108
		_MValve_OP3_GetMotion		CODE           	3830	0000	6
		_MValve_OP3_GetCtrlPin		CODE           	376C	0000	20
		_MValve_OP3_CmdClose		CODE           	34D8	0000	40
		_MValve_OP3_GetPwrPin		CODE           	3758	0000	20
		_valve_pins_idle		CODE           	3848	0000	6

MValve_OP3.c estimated size: 276

FlowLog.c
		_FlowLog_GetCaptureCount		CODE           	37BA	0000	18
		_FlowLog_GetWriteIndex		CODE           	380E	0000	10
		_FlowLog_Init  		CODE           	31E4	0000	74
		_FlowLog_GetAt 		CODE           	30F2	0000	84
		_FlowLog_Process		CODE           	24E6	0000	298
		_FlowLog_BatchReady		CODE           	3608	0000	30

FlowLog.c estimated size: 514

led_fsm_sysstate.c
		_LedFsm_Init   		CODE           	356C	0000	32
		_LedFsm_NotifyWake		CODE           	3626	0000	28
		_LedFsm_Process		CODE           	281E	0000	222
		_LedFsm_NotifyDataCycle		CODE           	354A	0000	34

led_fsm_sysstate.c estimated size: 316

main.c
		_photon_power_on		CODE           	3500	0000	38
		_dispatch_packet		CODE           	206A	0000	422
		_main          		CODE           	1E1E	0000	588
		_on_uart_rx    		CODE           	3828	0000	8
		_isr           		CODE           	36CC	0000	26
		_photon_power_off		CODE           	3820	0000	8
		_packet_rx_pump		CODE           	2CDC	0000	136

main.c estimated size: 1226

Flow_Control.c
		_quantize_window		CODE           	28FC	0000	176
		_evaluate_alerts		CODE           	2610	0000	298
		_FlowControl_Unlock		CODE           	33DC	0000	44
		_FlowControl_Process		CODE           	3198	0000	76
		_FlowControl_GetTempLockCount		CODE           	37A8	0000	18
		_FlowControl_GetLockFlags		CODE           	33B0	0000	44
		_apply_valve   		CODE           	2BAA	0000	162
		_FlowControl_GetParams		CODE           	3408	0000	42
		_FlowControl_SetParams		CODE           	3860	0000	2
		_FlowControl_RecalcDerived		CODE           	3486	0000	42
		_FlowControl_OnCapture		CODE           	385A	0000	6
		_sliding_sum   		CODE           	2210	0000	378
		_FlowControl_Init		CODE           	35AC	0000	32

Flow_Control.c estimated size: 1320

Dev_Led.c
		_LEDs_Init     		CODE           	34B0	0000	40

Dev_Led.c estimated size: 40

