Microchip MPLAB XC8 Compiler V3.10

Linker command line:

-W-3 --edf=/Applications/microchip/xc8/v3.10/pic/dat/20250813170317_en.msgs \
  -cn -h+dist/default/production/leaksense_counter.X.production.sym \
  --cmf=dist/default/production/leaksense_counter.X.production.cmf -z \
  -Q16LF18313 -o/tmp/xcTWcbl5w/driver_tmp_3.o --defsym=__MPLAB_BUILD=1 \
  --fixupoverflow=error \
  -Mdist/default/production/leaksense_counter.X.production.map \
  --md=/tmp/xcTWcbl5w/driver_tmp_0.dat -E1 -ver=XC8 Compiler \
  -ACODE=00h-07FFh -ASTRCODE=00h-07FFh -ASTRING=00h-0FFhx8 \
  -ACONST=00h-0FFhx8 -AENTRY=00h-0FFhx8 -ACOMMON=070h-07Fh \
  -ABANK0=020h-06Fh -ABANK1=0A0h-0EFh -ABANK2=0120h-016Fh \
  -ABIGRAM=02000h-020EFh -ARAM=020h-06Fh,0A0h-0EFh,0120h-016Fh \
  -AABS1=020h-07Fh,0A0h-0EFh,0120h-016Fh -ASFR0=00h-01Fh -ASFR1=080h-09Fh \
  -ASFR2=0100h-011Fh -ASFR3=0180h-01EFh -ASFR4=0200h-026Fh \
  -ASFR5=0280h-02EFh -ASFR6=0300h-036Fh -ASFR7=0380h-03EFh \
  -ASFR8=0400h-046Fh -ASFR9=0480h-04EFh -ASFR10=0500h-056Fh \
  -ASFR11=0580h-05EFh -ASFR12=0600h-066Fh -ASFR13=0680h-06EFh \
  -ASFR14=0700h-076Fh -ASFR15=0780h-07EFh -ASFR16=0800h-086Fh \
  -ASFR17=0880h-08EFh -ASFR18=0900h-096Fh -ASFR19=0980h-09EFh \
  -ASFR20=0A00h-0A6Fh -ASFR21=0A80h-0AEFh -ASFR22=0B00h-0B6Fh \
  -ASFR23=0B80h-0BEFh -ASFR24=0C00h-0C6Fh -ASFR25=0C80h-0CEFh \
  -ASFR26=0D00h-0D6Fh -ASFR27=0D80h-0DEFh -ASFR28=0E00h-0E6Fh \
  -ASFR29=0E80h-0EEFh -ASFR30=0F00h-0F6Fh -ASFR31=0F80h-0FEFh \
  -ACONFIG=08007h-0800Ah -DCONFIG=2 -AIDLOC=08000h-08003h -DIDLOC=2 \
  -AEEDATA=00h-0FFh/0F000h -peeprom_data=EEDATA -DEEDATA=2 -DCODE=2 \
  -DSTRCODE=2 -DSTRING=2 -DCONST=2 -DENTRY=2 \
  -preset_vec=00h,intentry=04h,sivt,init,end_init -ppowerup=CODE \
  -pcinit=CODE -pfunctab=ENTRY -k /tmp/xcTWcbl5w/driver_tmp_15.o \
  dist/default/production/leaksense_counter.X.production.o 

Object code version is 3.11

Machine type is 16LF18313



                Name                               Link     Load   Length Selector   Space Scale
/tmp/xcTWcbl5w/driver_tmp_15.o
                end_init                             3E       3E        1        8       0
                reset_vec                             0        0        1        0       0
                config                             8007     8007        4        0       4
dist/default/production/leaksense_counter.X.production.o
                cinit                                3F       3F        D        8       0
                intentry                              4        4       3A        8       0
                config                             8007     8007        4        0       4
                text14                              19F      19F        C        8       0
                text13                              1B8      1B8        6        8       0
                text11                              1B2      1B2        6        8       0
                text10                              118      118       26        8       0
                text9                               1AB      1AB        7        8       0
                text8                               1BE      1BE        5        8       0
                text7                               1C3      1C3        1        8       0
                text6                               15C      15C       1C        8       0
                text5                               178      178       16        8       0
                text4                                E5       E5       33        8       0
                text3                               13E      13E       1E        8       0
                text2                                4C       4C       51        8       0
                text1                               18E      18E       11        8       0
                maintext                             9D       9D       48        8       0
                cstackCOMMON                         77       77        6       70       1
                bssBANK0                             20       20        2       20       1
                bssCOMMON                            70       70        7       70       1

TOTAL           Name                               Link     Load   Length     Space
        CLASS   CODE           
                end_init                             3E       3E        1         0
                cinit                                3F       3F        D         0
                intentry                              4        4       3A         0
                reset_vec                             0        0        1         0
                text14                              19F      19F        C         0
                text13                              1B8      1B8        6         0
                text11                              1B2      1B2        6         0
                text10                              118      118       26         0
                text9                               1AB      1AB        7         0
                text8                               1BE      1BE        5         0
                text7                               1C3      1C3        1         0
                text6                               15C      15C       1C         0
                text5                               178      178       16         0
                text4                                E5       E5       33         0
                text3                               13E      13E       1E         0
                text2                                4C       4C       51         0
                text1                               18E      18E       11         0
                maintext                             9D       9D       48         0

        CLASS   STRCODE        

        CLASS   STRING         

        CLASS   CONST          

        CLASS   ENTRY          

        CLASS   COMMON         
                cstackCOMMON                         77       77        6         1
                bssCOMMON                            70       70        7         1

        CLASS   BANK0          
                bssBANK0                             20       20        2         1

        CLASS   BANK1          

        CLASS   BANK2          

        CLASS   BIGRAM         

        CLASS   RAM            

        CLASS   ABS1           
                abs_s1                               7E       7E        2         1

        CLASS   SFR0           

        CLASS   SFR1           

        CLASS   SFR2           

        CLASS   SFR3           

        CLASS   SFR4           

        CLASS   SFR5           

        CLASS   SFR6           

        CLASS   SFR7           

        CLASS   SFR8           

        CLASS   SFR9           

        CLASS   SFR10          

        CLASS   SFR11          

        CLASS   SFR12          

        CLASS   SFR13          

        CLASS   SFR14          

        CLASS   SFR15          

        CLASS   SFR16          

        CLASS   SFR17          

        CLASS   SFR18          

        CLASS   SFR19          

        CLASS   SFR20          

        CLASS   SFR21          

        CLASS   SFR22          

        CLASS   SFR23          

        CLASS   SFR24          

        CLASS   SFR25          

        CLASS   SFR26          

        CLASS   SFR27          

        CLASS   SFR28          

        CLASS   SFR29          

        CLASS   SFR30          

        CLASS   SFR31          

        CLASS   CONFIG         
                config                             8007     8007        4         4

        CLASS   IDLOC          

        CLASS   EEDATA         

        CLASS   BANK31         

        CLASS   BANK30         

        CLASS   BANK29         

        CLASS   BANK28         

        CLASS   BANK27         

        CLASS   BANK26         

        CLASS   BANK25         

        CLASS   BANK24         

        CLASS   BANK23         

        CLASS   BANK22         

        CLASS   BANK21         

        CLASS   BANK20         

        CLASS   BANK19         

        CLASS   BANK18         

        CLASS   BANK17         

        CLASS   BANK16         

        CLASS   BANK15         

        CLASS   BANK14         

        CLASS   BANK13         

        CLASS   BANK12         

        CLASS   BANK11         

        CLASS   BANK10         

        CLASS   BANK9          

        CLASS   BANK8          

        CLASS   BANK7          

        CLASS   BANK6          

        CLASS   BANK5          

        CLASS   BANK4          

        CLASS   BANK3          

        CLASS   HEAP           

        CLASS   STACK          



SEGMENTS        Name                           Load    Length   Top    Selector   Space  Class     Delta

                reset_vec                      000000  000001  000001         0       0  CODE        2
                bssBANK0                       000020  000002  000022        20       1  BANK0       1
                intentry                       000004  0001C0  0001C4         8       0  CODE        2
                bssCOMMON                      000070  00000D  00007D        70       1  COMMON      1


UNUSED ADDRESS RANGES

        Name                Unused          Largest block    Delta
        BANK0            00022-0006F              4E           1
        BANK1            000A0-000EF              50           1
        BANK2            00120-0016F              50           1
        BIGRAM           02000-020EF              F0           1
        CODE             00001-00003               3           2
                         001C4-007FF             63C
        COMMON           0007D-0007D               1           1
        CONST            00001-00003               3           2
                         001C4-007FF             100
        EEDATA           0F000-0F0FF             100           2
        ENTRY            00001-00003               3           2
                         001C4-007FF             100
        IDLOC            08000-08003               4           2
        RAM              00022-0006F              4E           1
                         000A0-000EF              50
                         00120-0016F              50
        SFR0             00000-0001F              20           1
        SFR1             00080-0009F              20           1
        SFR10            00500-0056F              70           1
        SFR11            00580-005EF              70           1
        SFR12            00600-0066F              70           1
        SFR13            00680-006EF              70           1
        SFR14            00700-0076F              70           1
        SFR15            00780-007EF              70           1
        SFR16            00800-0086F              70           1
        SFR17            00880-008EF              70           1
        SFR18            00900-0096F              70           1
        SFR19            00980-009EF              70           1
        SFR2             00100-0011F              20           1
        SFR20            00A00-00A6F              70           1
        SFR21            00A80-00AEF              70           1
        SFR22            00B00-00B6F              70           1
        SFR23            00B80-00BEF              70           1
        SFR24            00C00-00C6F              70           1
        SFR25            00C80-00CEF              70           1
        SFR26            00D00-00D6F              70           1
        SFR27            00D80-00DEF              70           1
        SFR28            00E00-00E6F              70           1
        SFR29            00E80-00EEF              70           1
        SFR3             00180-001EF              70           1
        SFR30            00F00-00F6F              70           1
        SFR31            00F80-00FEF              70           1
        SFR4             00200-0026F              70           1
        SFR5             00280-002EF              70           1
        SFR6             00300-0036F              70           1
        SFR7             00380-003EF              70           1
        SFR8             00400-0046F              70           1
        SFR9             00480-004EF              70           1
        STRCODE          00001-00003               3           2
                         001C4-007FF             63C
        STRING           00001-00003               3           2
                         001C4-007FF             100

                                  Symbol Table

_ADCON0bits                              (abs)        0009D
_ANSELA                                  (abs)        0018C
_CM1CON0                                 (abs)        00111
_INTCONbits                              (abs)        0000B
_IOCAFbits                               (abs)        00393
_IOCANbits                               (abs)        00392
_IOCAPbits                               (abs)        00391
_LATA                                    (abs)        0010C
_LATAbits                                (abs)        0010C
_ODCONA                                  (abs)        0028C
_OSCCON1                                 (abs)        00919
_OSCFRQ                                  (abs)        0091F
_PIE0bits                                (abs)        00090
_PIE1bits                                (abs)        00091
_PIR0bits                                (abs)        00010
_PIR1bits                                (abs)        00011
_PORTAbits                               (abs)        0000C
_SLRCONA                                 (abs)        0030C
_T1CONbits                               (abs)        0001B
_TMR1H                                   (abs)        0001A
_TMR1L                                   (abs)        00019
_TRISAbits                               (abs)        0008C
_WPUA                                    (abs)        0020C
_WPUAbits                                (abs)        0020C
__H__absolute__                          __absolute__ 00000
__Habs1                                  abs1         00000
__Hbank0                                 bank0        00000
__Hbank1                                 bank1        00000
__Hbank10                                bank10       00000
__Hbank11                                bank11       00000
__Hbank12                                bank12       00000
__Hbank13                                bank13       00000
__Hbank14                                bank14       00000
__Hbank15                                bank15       00000
__Hbank16                                bank16       00000
__Hbank17                                bank17       00000
__Hbank18                                bank18       00000
__Hbank19                                bank19       00000
__Hbank2                                 bank2        00000
__Hbank20                                bank20       00000
__Hbank21                                bank21       00000
__Hbank22                                bank22       00000
__Hbank23                                bank23       00000
__Hbank24                                bank24       00000
__Hbank25                                bank25       00000
__Hbank26                                bank26       00000
__Hbank27                                bank27       00000
__Hbank28                                bank28       00000
__Hbank29                                bank29       00000
__Hbank3                                 bank3        00000
__Hbank30                                bank30       00000
__Hbank31                                bank31       00000
__Hbank4                                 bank4        00000
__Hbank5                                 bank5        00000
__Hbank6                                 bank6        00000
__Hbank7                                 bank7        00000
__Hbank8                                 bank8        00000
__Hbank9                                 bank9        00000
__Hbigram                                bigram       00000
__HbssBANK0                              bssBANK0     00000
__HbssCOMMON                             bssCOMMON    00000
__Hcinit                                 cinit        0004C
__Hclrtext                               clrtext      00000
__Hcode                                  code         00000
__Hcommon                                common       00000
__Hconfig                                config       0800B
__HcstackCOMMON                          cstackCOMMON 00000
__Heeprom_data                           eeprom_data  00000
__Hend_init                              end_init     0003F
__Hfunctab                               functab      00000
__Hheap                                  heap         00000
__Hinit                                  init         0003E
__Hintentry                              intentry     0003E
__Hmaintext                              maintext     00000
__Hpowerup                               powerup      00000
__Hram                                   ram          00000
__Hreset_vec                             reset_vec    00001
__Hsfr0                                  sfr0         00000
__Hsfr1                                  sfr1         00000
__Hsfr10                                 sfr10        00000
__Hsfr11                                 sfr11        00000
__Hsfr12                                 sfr12        00000
__Hsfr13                                 sfr13        00000
__Hsfr14                                 sfr14        00000
__Hsfr15                                 sfr15        00000
__Hsfr16                                 sfr16        00000
__Hsfr17                                 sfr17        00000
__Hsfr18                                 sfr18        00000
__Hsfr19                                 sfr19        00000
__Hsfr2                                  sfr2         00000
__Hsfr20                                 sfr20        00000
__Hsfr21                                 sfr21        00000
__Hsfr22                                 sfr22        00000
__Hsfr23                                 sfr23        00000
__Hsfr24                                 sfr24        00000
__Hsfr25                                 sfr25        00000
__Hsfr26                                 sfr26        00000
__Hsfr27                                 sfr27        00000
__Hsfr28                                 sfr28        00000
__Hsfr29                                 sfr29        00000
__Hsfr3                                  sfr3         00000
__Hsfr30                                 sfr30        00000
__Hsfr31                                 sfr31        00000
__Hsfr4                                  sfr4         00000
__Hsfr5                                  sfr5         00000
__Hsfr6                                  sfr6         00000
__Hsfr7                                  sfr7         00000
__Hsfr8                                  sfr8         00000
__Hsfr9                                  sfr9         00000
__Hsivt                                  sivt         0003E
__Hspace_0                               (abs)        001C4
__Hspace_1                               (abs)        0007D
__Hspace_2                               (abs)        00000
__Hspace_3                               (abs)        00000
__Hspace_4                               (abs)        10012
__Hstack                                 stack        00000
__Hstrings                               strings      00000
__Htext                                  text         00000
__L__absolute__                          __absolute__ 00000
__Labs1                                  abs1         00000
__Lbank0                                 bank0        00000
__Lbank1                                 bank1        00000
__Lbank10                                bank10       00000
__Lbank11                                bank11       00000
__Lbank12                                bank12       00000
__Lbank13                                bank13       00000
__Lbank14                                bank14       00000
__Lbank15                                bank15       00000
__Lbank16                                bank16       00000
__Lbank17                                bank17       00000
__Lbank18                                bank18       00000
__Lbank19                                bank19       00000
__Lbank2                                 bank2        00000
__Lbank20                                bank20       00000
__Lbank21                                bank21       00000
__Lbank22                                bank22       00000
__Lbank23                                bank23       00000
__Lbank24                                bank24       00000
__Lbank25                                bank25       00000
__Lbank26                                bank26       00000
__Lbank27                                bank27       00000
__Lbank28                                bank28       00000
__Lbank29                                bank29       00000
__Lbank3                                 bank3        00000
__Lbank30                                bank30       00000
__Lbank31                                bank31       00000
__Lbank4                                 bank4        00000
__Lbank5                                 bank5        00000
__Lbank6                                 bank6        00000
__Lbank7                                 bank7        00000
__Lbank8                                 bank8        00000
__Lbank9                                 bank9        00000
__Lbigram                                bigram       00000
__LbssBANK0                              bssBANK0     00000
__LbssCOMMON                             bssCOMMON    00000
__Lcinit                                 cinit        0003F
__Lclrtext                               clrtext      00000
__Lcode                                  code         00000
__Lcommon                                common       00000
__Lconfig                                config       00000
__LcstackCOMMON                          cstackCOMMON 00000
__Leeprom_data                           eeprom_data  00000
__Lend_init                              end_init     0003E
__Lfunctab                               functab      00000
__Lheap                                  heap         00000
__Linit                                  init         0003E
__Lintentry                              intentry     00004
__Lmaintext                              maintext     00000
__Lpowerup                               powerup      00000
__Lram                                   ram          00000
__Lreset_vec                             reset_vec    00000
__Lsfr0                                  sfr0         00000
__Lsfr1                                  sfr1         00000
__Lsfr10                                 sfr10        00000
__Lsfr11                                 sfr11        00000
__Lsfr12                                 sfr12        00000
__Lsfr13                                 sfr13        00000
__Lsfr14                                 sfr14        00000
__Lsfr15                                 sfr15        00000
__Lsfr16                                 sfr16        00000
__Lsfr17                                 sfr17        00000
__Lsfr18                                 sfr18        00000
__Lsfr19                                 sfr19        00000
__Lsfr2                                  sfr2         00000
__Lsfr20                                 sfr20        00000
__Lsfr21                                 sfr21        00000
__Lsfr22                                 sfr22        00000
__Lsfr23                                 sfr23        00000
__Lsfr24                                 sfr24        00000
__Lsfr25                                 sfr25        00000
__Lsfr26                                 sfr26        00000
__Lsfr27                                 sfr27        00000
__Lsfr28                                 sfr28        00000
__Lsfr29                                 sfr29        00000
__Lsfr3                                  sfr3         00000
__Lsfr30                                 sfr30        00000
__Lsfr31                                 sfr31        00000
__Lsfr4                                  sfr4         00000
__Lsfr5                                  sfr5         00000
__Lsfr6                                  sfr6         00000
__Lsfr7                                  sfr7         00000
__Lsfr8                                  sfr8         00000
__Lsfr9                                  sfr9         00000
__Lsivt                                  sivt         0003E
__Lspace_0                               (abs)        00000
__Lspace_1                               (abs)        00000
__Lspace_2                               (abs)        00000
__Lspace_3                               (abs)        00000
__Lspace_4                               (abs)        00000
__Lstack                                 stack        00000
__Lstrings                               strings      00000
__Ltext                                  text         00000
__S0                                     (abs)        001C4
__S1                                     (abs)        0007D
__S3                                     (abs)        00000
___heap_hi                               (abs)        00000
___heap_lo                               (abs)        00000
___int_sp                                stack        00000
___int_stack_hi                          stack        00000
___int_stack_lo                          stack        00000
___latbits                               (abs)        00000
___sp                                    stack        00000
___stack_hi                              stack        00000
___stack_lo                              stack        00000
___stackhi                               (abs)        00000
___stacklo                               (abs)        00000
__end_of__initialization                 cinit        00049
__end_of_clock_init                      text11       001B8
__end_of_gpio_init                       text10       0013E
__end_of_interrupt_init                  text9        001B2
__end_of_ioc_init                        text8        001C3
__end_of_isr                             intentry     0003E
__end_of_main                            maintext     000E5
__end_of_pps_init                        text7        001C4
__end_of_queue_test_packet               text14       001AB
__end_of_send_bit                        text6        00178
__end_of_send_byte                       text5        0018E
__end_of_service_particle_readout        text2        0009D
__end_of_timer1_init_1s                  text1        0019F
__end_of_timer1_reload_1s                text13       001BE
__end_of_wait_for_ack_8clocks            text4        00118
__end_of_wait_for_photon_start           text3        0015C
__initialization                         cinit        0003F
__pbssBANK0                              bssBANK0     00020
__pbssCOMMON                             bssCOMMON    00070
__pcstackCOMMON                          cstackCOMMON 00077
__pintentry                              intentry     00004
__pmaintext                              maintext     0009D
__ptext1                                 text1        0018E
__ptext10                                text10       00118
__ptext11                                text11       001B2
__ptext13                                text13       001B8
__ptext14                                text14       0019F
__ptext2                                 text2        0004C
__ptext3                                 text3        0013E
__ptext4                                 text4        000E5
__ptext5                                 text5        00178
__ptext6                                 text6        0015C
__ptext7                                 text7        001C3
__ptext8                                 text8        001BE
__ptext9                                 text9        001AB
_clock_init                              text11       001B2
_gpio_init                               text10       00118
_interrupt_init                          text9        001AB
_ioc_init                                text8        001BE
_isr                                     intentry     00004
_led_pulse_ticks                         bssCOMMON    00074
_main                                    maintext     0009D
_minute_count_latched                    bssBANK0     00020
_minute_ready                            bssCOMMON    00076
_pps_init                                text7        001C3
_pulse_count                             bssCOMMON    00072
_queue_test_packet                       text14       0019F
_sec_ticks                               bssCOMMON    00075
_send_bit                                text6        0015C
_send_byte                               text5        00178
_service_particle_readout                text2        0004C
_timer1_init_1s                          text1        0018E
_timer1_reload_1s                        text13       001B8
_tx_retry_cooldown_ms                    bssCOMMON    00070
_wait_for_ack_8clocks                    text4        000E5
_wait_for_photon_start                   text3        0013E
btemp                                    (abs)        0007E
btemp0                                   (abs)        0007E
btemp1                                   (abs)        0007F
end_of_initialization                    cinit        00049
int$flags                                (abs)        0007E
intlevel0                                functab      00000
intlevel1                                functab      00000
intlevel2                                functab      00000
intlevel3                                functab      00000
intlevel4                                functab      00000
intlevel5                                functab      00000
ltemp0a                                  (abs)        00080
reset_vec                                reset_vec    00000
send_bit@b                               cstackCOMMON 00077
send_byte@i                              cstackCOMMON 00079
send_byte@v                              cstackCOMMON 00078
service_particle_readout@c               cstackCOMMON 0007A
service_particle_readout@gie_was_enabled cstackCOMMON 0007C
start                                    init         0003E
start_initialization                     cinit        0003F
ttemp0a                                  (abs)        0007F
wait_for_ack_8clocks@count               cstackCOMMON 00079
wait_for_ack_8clocks@timeout_ms          cstackCOMMON 00077
wait_for_photon_start@timeout_ms         cstackCOMMON 00077
wtemp0                                   (abs)        0007E
wtemp0a                                  (abs)        0007F


MODULE INFORMATION

Module		Function		Class		Link	Load	Size
shared
		__initialization		CODE           	003F	0000	10

shared estimated size: 10

main.c
		_timer1_init_1s		CODE           	018E	0000	17
		_clock_init    		CODE           	01B2	0000	6
		_send_bit      		CODE           	015C	0000	28
		_send_byte     		CODE           	0178	0000	22
		_ioc_init      		CODE           	01BE	0000	5
		_service_particle_readout		CODE           	004C	0000	81
		_main          		CODE           	009D	0000	72
		_queue_test_packet		CODE           	019F	0000	12
		_wait_for_photon_start		CODE           	013E	0000	30
		_isr           		CODE           	0004	0000	58
		_wait_for_ack_8clocks		CODE           	00E5	0000	51
		_timer1_reload_1s		CODE           	01B8	0000	6
		_gpio_init     		CODE           	0118	0000	38
		_interrupt_init		CODE           	01AB	0000	7
		_pps_init      		CODE           	01C3	0000	1

main.c estimated size: 434

