Microchip MPLAB XC8 Compiler V3.10

Linker command line:

-W-3 --edf=/Applications/microchip/xc8/v3.10/pic/dat/20250813170317_en.msgs \
  -pivt0x8=08h -cn \
  -h+dist/default/production/PIC18F06Q40_Template.X_V046_PowerMeasure_AndFastDebug.production.sym \
  --cmf=dist/default/production/PIC18F06Q40_Template.X_V046_PowerMeasure_AndFastDebug.production.cmf \
  -z -Q18F06Q40 -o/tmp/xczJQCnC6/driver_tmp_3.o --defsym=__MPLAB_BUILD=1 \
  --fixupoverflow=error \
  -Mdist/default/production/PIC18F06Q40_Template.X_V046_PowerMeasure_AndFastDebug.production.map \
  --md=/tmp/xczJQCnC6/driver_tmp_0.dat -E1 -ver=XC8 Compiler \
  -ACODE=00h-0FFFFh -ACONST=00h-0FFFFh -ASMALLCONST=01600h-016FFhx234 \
  -AMEDIUMCONST=01600h-0FFFFh -ACOMRAM=0501h-055Fh -AABS1=0500h-014FFh \
  -ABIGRAM=0501h-014FFh -ARAM=0560h-05FFh,0600h-06FFhx15 \
  -ABANK5=0560h-05FFh -ABANK6=0600h-06FFh -ABANK7=0700h-07FFh \
  -ABANK8=0800h-08FFh -ABANK9=0900h-09FFh -ABANK10=0A00h-0AFFh \
  -ABANK11=0B00h-0BFFh -ABANK12=0C00h-0CFFh -ABANK13=0D00h-0DFFh \
  -ABANK14=0E00h-0EFFh -ABANK15=0F00h-0FFFh -ABANK16=01000h-010FFh \
  -ABANK17=01100h-011FFh -ABANK18=01200h-012FFh -ABANK19=01300h-013FFh \
  -ABANK20=01400h-014FFh \
  -ASFR=00h-0FFhx4,0400h-045Fh,0460h-04FFh,01500h-015FFh \
  -ABIGSFR=00h-04FFh,01500h-015FFh -ACONFIG=0300000h-0300011h \
  -AIDLOC=0200000h-020003Fh -AEEDATA=0380000h-03801FFh -peeprom_data=EEDATA \
  -preset_vec=00h -ppowerup=CODE,init -pramtop=01600h \
  -psmallconst=SMALLCONST -pmediumconst=MEDIUMCONST -pconst=CONST \
  -AFARRAM=00h-00h \
  -prdata=COMRAM,nvrram=COMRAM,nvbit=COMRAM,rbss=COMRAM,rbit=COMRAM \
  -pfarbss=FARRAM,fardata=FARRAM,nvFARRAM=FARRAM \
  -pintsave_regs=BIGRAM,bigbss=BIGRAM,bigdata=BIGRAM -pbss=RAM \
  -pidata=CODE,irdata=CODE,ibigdata=CODE,ifardata=CODE -prparam=COMRAM \
  /tmp/xczJQCnC6/driver_tmp_9.o \
  dist/default/production/PIC18F06Q40_Template.X_V046_PowerMeasure_AndFastDebug.production.o 

Object code version is 3.11

Machine type is 18F06Q40



                Name                               Link     Load   Length Selector   Space Scale
/tmp/xczJQCnC6/driver_tmp_9.o
                config                           300000   300000        6        0       4
                init                                 1A       1A        4        4       0
                reset_vec                             0        0        4        0       0
dist/default/production/PIC18F06Q40_Template.X_V046_PowerMeasure_AndFastDebug.production.o
                config                           300000   300000        6        0       4
                smallconst                         1600     1600        2      B00       0
                ivt0x8                                8        8       12        4       0
                text90                             36E0     36E0       10      B01       0
                text89                             3434     3434       24      B01       0
                text88                             32B6     32B6       2E      B01       0
                text87                             36D0     36D0       10      B01       0
                text86                             28E8     28E8       AA      B01       0
                text85                             35BE     35BE       1A      B01       0
                text84                             2992     2992       A4      B01       0
                text83                             2D32     2D32       6A      B01       0
                text82                             278C     278C       B0      B01       0
                text81                             33BA     33BA       2A      B01       0
                text80                             34BA     34BA       20      B01       0
                text79                             36BE     36BE       12      B01       0
                text78                             340C     340C       28      B01       0
                text77                             3390     3390       2A      B01       0
                text76                             2A36     2A36       A2      B01       0
                text75                             2AD8     2AD8       90      B01       0
                text74                             305E     305E       4C      B01       0
                text73                             3634     3634       16      B01       0
                text72                             3226     3226       34      B01       0
                text71                             361E     361E       16      B01       0
                text70                             30AA     30AA       4A      B01       0
                text69                             283C     283C       AC      B01       0
                text68                             24E8     24E8       E4      B01       0
                text67                             2D9C     2D9C       64      B01       0
                text66                             2F6C     2F6C       54      B01       0
                text65                             36AC     36AC       12      B01       0
                text64                             371A     371A        A      B01       0
                text63                             228E     228E      130      B01       0
                text62                             25CC     25CC       E2      B01       0
                text61                             3760     3760        6      B01       0
                text60                             23BE     23BE      12A      B01       0
                text59                             349A     349A       20      B01       0
                text58                             3288     3288       2E      B01       0
                text57                             3516     3516       1E      B01       0
                text56                             3458     3458       22      B01       0
                text55                             375A     375A        6      B01       0
                text54                             2F14     2F14       58      B01       0
                text53                             3754     3754        6      B01       0
                text52                             31F2     31F2       34      B01       0
                text51                             325A     325A       2E      B01       0
                text50                             1602     1602      466      B01       0
                text49                             3734     3734        8      B01       0
                text48                             34F8     34F8       1E      B01       0
                text47                             33E4     33E4       28      B01       0
                text46                             347A     347A       20      B01       0
                text45                             3588     3588       1C      B01       0
                text44                             26AE     26AE       DE      B01       0
                text43                             3768     3768        2      B01       0
                text42                             374E     374E        6      B01       0
                text41                             356C     356C       1C      B01       0
                text40                             3748     3748        6      B01       0
                text39                             2CC6     2CC6       6C      B01       0
                text38                             3742     3742        6      B01       0
                text37                             34DA     34DA       1E      B01       0
                text36                             3686     3686       14      B01       0
                text35                             35A4     35A4       1A      B01       0
                text34                             35F0     35F0       18      B01       0
                text33                             3710     3710        A      B01       0
                text32                             3608     3608       16      B01       0
                text31                             2B68     2B68       82      B01       0
                text30                             3672     3672       14      B01       0
                text29                             36F0     36F0        C      B01       0
                text28                             31B8     31B8       3A      B01       0
                text27                             3706     3706        A      B01       0
                text26                             3012     3012       4C      B01       0
                text25                             3366     3366       2A      B01       0
                text24                             3136     3136       42      B01       0
                text23                             36FC     36FC        A      B01       0
                text22                             35D8     35D8       18      B01       0
                text21                             2E62     2E62       5A      B01       0
                text20                             1A68     1A68      3F0      B01       0
                text19                             2E00     2E00       62      B01       0
                text18                             3178     3178       40      B01       0
                text17                             3766     3766        2      B01       0
                text16                             3310     3310       2C      B01       0
                text15                             372C     372C        8      B01       0
                text14                             2EBC     2EBC       58      B01       0
                text13                             1FEC     1FEC      15C      B01       0
                text12                             3550     3550       1C      B01       0
                text11                             3534     3534       1C      B01       0
                text10                             333C     333C       2A      B01       0
                text9                              30F4     30F4       42      B01       0
                text8                              32E4     32E4       2C      B01       0
                text7                              369A     369A       12      B01       0
                text6                              365E     365E       14      B01       0
                text5                              373C     373C        6      B01       0
                text4                              364A     364A       14      B01       0
                text3                              2FC0     2FC0       52      B01       0
                text2                              1E58     1E58      194      B01       0
                text1                              2C58     2C58       6E      B01       0
                text0                              2148     2148      146      B01       0
                cstackCOMRAM                        501      501       54      501       1
                cstackBANK5                         5F6      5F6        8      560       1
                bssBIGRAM                           640      640      BB8      640       1
                bssBANK6                            600      600       40      600       1
                dataBANK5                           5EE      5EE        8      560       1
                bssBANK5                            560      560       7A      560       1
                bssCOMRAM                           555      555        5      501       1
                cinit                              2BEA     2BEA       6E      B01       0
                nvBANK5                             5DA      5DA       14      560       1
                idataBANK5                         3724     3724        8      B01       0

TOTAL           Name                               Link     Load   Length     Space
        CLASS   CODE           
                init                                 1A       1A        4         0
                reset_vec                             0        0        4         0
                ivt0x8                                8        8       12         0
                text90                             36E0     36E0       10         0
                text89                             3434     3434       24         0
                text88                             32B6     32B6       2E         0
                text87                             36D0     36D0       10         0
                text86                             28E8     28E8       AA         0
                text85                             35BE     35BE       1A         0
                text84                             2992     2992       A4         0
                text83                             2D32     2D32       6A         0
                text82                             278C     278C       B0         0
                text81                             33BA     33BA       2A         0
                text80                             34BA     34BA       20         0
                text79                             36BE     36BE       12         0
                text78                             340C     340C       28         0
                text77                             3390     3390       2A         0
                text76                             2A36     2A36       A2         0
                text75                             2AD8     2AD8       90         0
                text74                             305E     305E       4C         0
                text73                             3634     3634       16         0
                text72                             3226     3226       34         0
                text71                             361E     361E       16         0
                text70                             30AA     30AA       4A         0
                text69                             283C     283C       AC         0
                text68                             24E8     24E8       E4         0
                text67                             2D9C     2D9C       64         0
                text66                             2F6C     2F6C       54         0
                text65                             36AC     36AC       12         0
                text64                             371A     371A        A         0
                text63                             228E     228E      130         0
                text62                             25CC     25CC       E2         0
                text61                             3760     3760        6         0
                text60                             23BE     23BE      12A         0
                text59                             349A     349A       20         0
                text58                             3288     3288       2E         0
                text57                             3516     3516       1E         0
                text56                             3458     3458       22         0
                text55                             375A     375A        6         0
                text54                             2F14     2F14       58         0
                text53                             3754     3754        6         0
                text52                             31F2     31F2       34         0
                text51                             325A     325A       2E         0
                text50                             1602     1602      466         0
                text49                             3734     3734        8         0
                text48                             34F8     34F8       1E         0
                text47                             33E4     33E4       28         0
                text46                             347A     347A       20         0
                text45                             3588     3588       1C         0
                text44                             26AE     26AE       DE         0
                text43                             3768     3768        2         0
                text42                             374E     374E        6         0
                text41                             356C     356C       1C         0
                text40                             3748     3748        6         0
                text39                             2CC6     2CC6       6C         0
                text38                             3742     3742        6         0
                text37                             34DA     34DA       1E         0
                text36                             3686     3686       14         0
                text35                             35A4     35A4       1A         0
                text34                             35F0     35F0       18         0
                text33                             3710     3710        A         0
                text32                             3608     3608       16         0
                text31                             2B68     2B68       82         0
                text30                             3672     3672       14         0
                text29                             36F0     36F0        C         0
                text28                             31B8     31B8       3A         0
                text27                             3706     3706        A         0
                text26                             3012     3012       4C         0
                text25                             3366     3366       2A         0
                text24                             3136     3136       42         0
                text23                             36FC     36FC        A         0
                text22                             35D8     35D8       18         0
                text21                             2E62     2E62       5A         0
                text20                             1A68     1A68      3F0         0
                text19                             2E00     2E00       62         0
                text18                             3178     3178       40         0
                text17                             3766     3766        2         0
                text16                             3310     3310       2C         0
                text15                             372C     372C        8         0
                text14                             2EBC     2EBC       58         0
                text13                             1FEC     1FEC      15C         0
                text12                             3550     3550       1C         0
                text11                             3534     3534       1C         0
                text10                             333C     333C       2A         0
                text9                              30F4     30F4       42         0
                text8                              32E4     32E4       2C         0
                text7                              369A     369A       12         0
                text6                              365E     365E       14         0
                text5                              373C     373C        6         0
                text4                              364A     364A       14         0
                text3                              2FC0     2FC0       52         0
                text2                              1E58     1E58      194         0
                text1                              2C58     2C58       6E         0
                text0                              2148     2148      146         0
                cinit                              2BEA     2BEA       6E         0
                idataBANK5                         3724     3724        8         0

        CLASS   CONST          

        CLASS   SMALLCONST     
                smallconst                         1600     1600        2         0

        CLASS   MEDIUMCONST    

        CLASS   COMRAM         
                cstackCOMRAM                        501      501       54         1
                bssCOMRAM                           555      555        5         1

        CLASS   ABS1           

        CLASS   BIGRAM         
                bssBIGRAM                           640      640      BB8         1

        CLASS   RAM            

        CLASS   BANK5          
                cstackBANK5                         5F6      5F6        8         1
                dataBANK5                           5EE      5EE        8         1
                bssBANK5                            560      560       7A         1
                nvBANK5                             5DA      5DA       14         1

        CLASS   BANK6          
                bssBANK6                            600      600       40         1

        CLASS   BANK7          

        CLASS   BANK8          

        CLASS   BANK9          

        CLASS   BANK10         

        CLASS   BANK11         

        CLASS   BANK12         

        CLASS   BANK13         

        CLASS   BANK14         

        CLASS   BANK15         

        CLASS   BANK16         

        CLASS   BANK17         

        CLASS   BANK18         

        CLASS   BANK19         

        CLASS   BANK20         

        CLASS   SFR            

        CLASS   BIGSFR         

        CLASS   CONFIG         
                config                           300000   300000        6         4

        CLASS   IDLOC          

        CLASS   EEDATA         

        CLASS   FARRAM         

        CLASS   HEAP           

        CLASS   STACK          



SEGMENTS        Name                           Load    Length   Top    Selector   Space  Class

                reset_vec                      000000  000004  000004         0       0  CODE    
                bssBANK6                       000600  000040  000640       600       1  BANK6   
                text50                         001602  002168  00376A       B01       0  CODE    
                bssBIGRAM                      000640  000BB8  0011F8       640       1  BIGRAM  
                ivt0x8                         000008  000016  00001E         4       0  CODE    
                cstackCOMRAM                   000501  000059  00055A       501       1  COMRAM  
                bssBANK5                       000560  00009E  0005FE       560       1  BANK5   
                smallconst                     001600  000002  001602       B00       0  SMALLCON


UNUSED ADDRESS RANGES

        Name                Unused          Largest block    Delta
        BANK17           0011F8-0011FF                8
        BANK18           001200-0012FF              100
        BANK19           001300-0013FF              100
        BANK20           001400-0014FF              100
        BANK5            0005FE-0005FF                2
        BIGRAM           00055A-00055F                6
                         0005FE-0005FF                2
                         0011F8-0014FF              308
        BIGSFR           000000-0004FF              500
                         001500-0015FF              100
        CODE             000004-000007                4
                         00001E-0015FF             15E2
                         00376A-00FFFF             C896
        COMRAM           00055A-00055F                6
        CONFIG           300006-300011                C
        CONST            000004-000007                4
                         00001E-0015FF             15E2
                         00376A-00FFFF             C896
        EEDATA           380000-3801FF              200
        IDLOC            200000-20003F               40
        MEDIUMCONST      00376A-00FFFF             C896
        RAM              0005FE-0005FF                2
                         0011F8-0014FF              100
        SFR              000000-0004FF              100
                         001500-0015FF              100
        SMALLCONST       00376A-00FFFF              100

                                  Symbol Table

?_FlowControl_GetTempLockCount        cstackCOMRAM 000506
?_FlowLog_GetCaptureCount             cstackCOMRAM 000506
?_FlowLog_GetWriteIndex               cstackCOMRAM 000506
?_FlowMeter_GetTotal                  cstackCOMRAM 000510
?_Packet_CRC16                        cstackCOMRAM 00050C
?_Packet_CRC16_Init                   cstackCOMRAM 000506
?_Packet_CRC16_Update                 cstackCOMRAM 000506
?_PulseCounter_Get                    cstackCOMRAM 000506
?___lldiv                             cstackCOMRAM 000512
?___lmul                              cstackCOMRAM 000506
?___lwmod                             cstackCOMRAM 000506
?_getNowTime                          cstackCOMRAM 000506
?_quantize_window                     cstackCOMRAM 00051F
?_sliding_sum                         cstackCOMRAM 000527
?_timeSpan                            cstackCOMRAM 00050A
Compress_Pack@dst                     cstackCOMRAM 00050A
Compress_Pack@g                       cstackCOMRAM 000510
Compress_Pack@p                       cstackCOMRAM 000512
Compress_Pack@pulses                  cstackCOMRAM 000508
Compress_Pack@time16                  cstackCOMRAM 000506
Compress_Pack@v                       cstackCOMRAM 000514
Compress_Unpack@pulses                cstackCOMRAM 00050A
Compress_Unpack@src                   cstackCOMRAM 000506
Compress_Unpack@time16                cstackCOMRAM 000508
Compress_Unpack@v                     cstackCOMRAM 00051B
FlowControl_GetLockFlags@f            cstackCOMRAM 000506
FlowControl_GetParams@out             cstackCOMRAM 000506
FlowControl_OnCapture@delta           cstackCOMRAM 00054F
FlowControl_SetParams@in              cstackCOMRAM 000506
FlowControl_Unlock@flags              cstackCOMRAM 00050C
FlowLog_GetAt@index                   cstackCOMRAM 00051F
FlowLog_GetAt@out                     cstackCOMRAM 000521
FlowLog_GetAt@slot                    cstackCOMRAM 000525
FlowLog_Process@cur                   cstackBANK5  0005F8
FlowLog_Process@delta                 cstackBANK5  0005FC
FlowLog_Process@slot                  cstackBANK5  0005F6
FlowReport_Process@count              cstackCOMRAM 000529
FlowReport_Process@count_1654         cstackCOMRAM 000543
FlowReport_Process@crc                cstackCOMRAM 00052D
FlowReport_Process@e                  cstackCOMRAM 00053D
FlowReport_Process@hdr                cstackCOMRAM 000536
FlowReport_Process@hdr_1655           cstackCOMRAM 000532
FlowReport_Process@k                  cstackCOMRAM 000541
FlowReport_Process@k_1662             cstackCOMRAM 000542
FlowReport_Process@plen               cstackCOMRAM 00053B
FlowReport_Process@raw                cstackCOMRAM 00052F
FlowReport_SendAck@d                  cstackCOMRAM 000531
FlowReport_SendAck@echoed_func        cstackCOMRAM 000530
FlowReport_SendNak@d                  cstackCOMRAM 000531
FlowReport_SendNak@reason             cstackCOMRAM 000530
FlowReport_SendParam@d                cstackCOMRAM 000530
FlowReport_SendParam@pr               cstackCOMRAM 000538
FlowReport_SendValve@d                cstackCOMRAM 000530
FlowReport_SendValve@tc               cstackCOMRAM 000538
IVTBASEH                              (abs)        00045E
IVTBASEL                              (abs)        00045D
IVTBASEU                              (abs)        00045F
MCU_Time_Advance@unMs                 cstackCOMRAM 000506
Packet_CRC16@crc                      cstackCOMRAM 000510
Packet_CRC16@data                     cstackCOMRAM 00050C
Packet_CRC16@len                      cstackCOMRAM 00050E
Packet_CRC16_Update@b                 cstackCOMRAM 000508
Packet_CRC16_Update@crc               cstackCOMRAM 000506
Packet_CRC16_Update@i                 cstackCOMRAM 00050B
Packet_ParseByte@b                    cstackCOMRAM 00050E
Packet_ParseByte@p                    cstackCOMRAM 00050C
Packet_ParserReset@p                  cstackCOMRAM 000506
Packet_ParserTimeoutCheck@p           cstackCOMRAM 00051A
PulseCounter_Get@hi                   cstackCOMRAM 00050B
PulseCounter_Get@lo                   cstackCOMRAM 00050A
Sys_Time_EnterDeepSleep@cause         cstackCOMRAM 00050A
UART_ISR@ch                           cstackCOMRAM 000503
UART_RX_Pop@b                         cstackCOMRAM 000506
UART_RX_Pop@ok                        cstackCOMRAM 000508
UART_RX_Push@b                        cstackCOMRAM 000501
UART_RX_SetCallback@cb                cstackCOMRAM 000506
_ANSELAbits                           (abs)        000400
_ANSELCbits                           (abs)        000410
_CPUDOZEbits                          (abs)        0004F2
_Compress_Pack                        text69       00283C
_Compress_Unpack                      text68       0024E8
_FlowControl_GetLockFlags             text8        0032E4
_FlowControl_GetParams                text10       00333C
_FlowControl_GetTempLockCount         text7        00369A
_FlowControl_Init                     text80       0034BA
_FlowControl_OnCapture                text61       003760
_FlowControl_Process                  text74       00305E
_FlowControl_RecalcDerived            text81       0033BA
_FlowControl_SetParams                text17       003766
_FlowControl_Unlock                   text16       003310
_FlowLog_BatchReady                   text57       003516
_FlowLog_GetAt                        text66       002F6C
_FlowLog_GetCaptureCount              text65       0036AC
_FlowLog_GetWriteIndex                text64       00371A
_FlowLog_Init                         text70       0030AA
_FlowLog_Process                      text60       0023BE
_FlowMeter_GetTotal                   text71       00361E
_FlowMeter_Init                       text59       00349A
_FlowReport_Init                      text58       003288
_FlowReport_IsBusy                    text26       003012
_FlowReport_IsBusy$1613               cstackCOMRAM 000506
_FlowReport_IsSending                 text22       0035D8
_FlowReport_NotifyAA                  text15       00372C
_FlowReport_Process                   text50       001602
_FlowReport_RequestReport             text49       003734
_FlowReport_SendAck                   text12       003550
_FlowReport_SendNak                   text11       003534
_FlowReport_SendParam                 text9        0030F4
_FlowReport_SendValve                 text3        002FC0
_FlowReport_WakeDuePending            text48       0034F8
_INTCON0bits                          (abs)        0004D6
_LATAbits                             (abs)        0004BE
_LATCbits                             (abs)        0004C0
_LEDs_Init                            text47       0033E4
_LedFsm_Init                          text46       00347A
_LedFsm_NotifyDataCycle               text56       003458
_LedFsm_NotifyWake                    text45       003588
_LedFsm_Process                       text44       0026AE
_MCU_Time_Advance                     text36       003686
_MCU_Time_Increase_Unit               text90       0036E0
_MCU_Time_Init                        text30       003672
_MCU_Time_Process                     text43       003768
_MValve_OP3_CmdClose                  text78       00340C
_MValve_OP3_CmdOpen                   text77       003390
_MValve_OP3_GetCtrlPin                text6        00365E
_MValve_OP3_GetMotion                 text5        00373C
_MValve_OP3_GetPwrPin                 text4        00364A
_MValve_OP3_Init                      text41       00356C
_MValve_OP3_IsBusy                    text40       003748
_MValve_OP3_Process                   text39       002CC6
_PCON0                                (abs)        0004F0
_PCON0bits                            (abs)        0004F0
_PIE3bits                             (abs)        0004AB
_PIE4bits                             (abs)        0004AC
_PIR3bits                             (abs)        0004B6
_PIR4bits                             (abs)        0004B7
_Packet_CRC16                         text14       002EBC
_Packet_CRC16_Init                    text55       00375A
_Packet_CRC16_Update                  text54       002F14
_Packet_ParseByte                     text20       001A68
_Packet_ParseByte$1915                cstackCOMRAM 000513
_Packet_ParserReset                   text21       002E62
_Packet_ParserTimeoutCheck            text19       002E00
_PulseCounter_Enable                  text38       003742
_PulseCounter_Get                     text73       003634
_PulseCounter_Init                    text37       0034DA
_RC0PPS                               (abs)        000211
_Sys_Time_EnterDeepSleep              text31       002B68
_Sys_Time_ISR                         text89       003434
_Sys_Time_Init                        text29       0036F0
_Sys_Time_ResumeTick                  text35       0035A4
_T0CON0                               (abs)        00031A
_T0CON0bits                           (abs)        00031A
_T0CON1                               (abs)        00031B
_T1CKIPPS                             (abs)        000242
_T1CLK                                (abs)        000317
_T1CON                                (abs)        000314
_T1CONbits                            (abs)        000314
_T1GCON                               (abs)        000315
_T2CLKCON                             (abs)        000320
_T2CON                                (abs)        00031E
_T2CONbits                            (abs)        00031E
_T2HLT                                (abs)        00031F
_T2PR                                 (abs)        00031D
_TMR0H                                (abs)        000319
_TMR0L                                (abs)        000318
_TMR1H                                (abs)        000313
_TMR1L                                (abs)        000312
_TRISAbits                            (abs)        0004C6
_TRISCbits                            (abs)        0004C8
_U1BRGH                               (abs)        0002AF
_U1BRGL                               (abs)        0002AE
_U1CON0bits                           (abs)        0002AB
_U1CON1bits                           (abs)        0002AC
_U1ERRIRbits                          (abs)        0002B2
_U1FIFObits                           (abs)        0002B0
_U1RXB                                (abs)        0002A1
_U1RXPPS                              (abs)        000272
_U1TXB                                (abs)        0002A3
_U1UIRbits                            (abs)        0002B1
_UART_ISR                             text86       0028E8
_UART_Init                            text28       0031B8
_UART_RX_Pop                          text18       003178
_UART_RX_Push                         text88       0032B6
_UART_RX_SetCallback                  text27       003706
_UART_TX_Free                         text53       003754
_UART_TX_IsEmpty                      text25       003366
_UART_TX_IsEmpty$1340                 cstackCOMRAM 000506
_UART_WakeArm                         text34       0035F0
_UART_WakeDisarm                      text33       003710
_UART_WokeByEdge                      text32       003608
_WDTCON0bits                          (abs)        000078
_WPUCbits                             (abs)        000411
_Wake_Process                         text24       003136
_Wake_Raise                           text23       0036FC
__HRAM                                (abs)        000000
__H__absolute__                       __absolute__ 000000
__Habs1                               abs1         000000
__Hbank10                             bank10       000000
__Hbank11                             bank11       000000
__Hbank12                             bank12       000000
__Hbank13                             bank13       000000
__Hbank14                             bank14       000000
__Hbank15                             bank15       000000
__Hbank16                             bank16       000000
__Hbank17                             bank17       000000
__Hbank18                             bank18       000000
__Hbank19                             bank19       000000
__Hbank20                             bank20       000000
__Hbank5                              bank5        000000
__Hbank6                              bank6        000000
__Hbank7                              bank7        000000
__Hbank8                              bank8        000000
__Hbank9                              bank9        000000
__Hbigbss                             bigbss       000000
__Hbigdata                            bigdata      000000
__Hbigram                             bigram       000000
__Hbigsfr                             bigsfr       000000
__Hbss                                bss          000000
__HbssBANK5                           bssBANK5     000000
__HbssBANK6                           bssBANK6     000000
__HbssBIGRAM                          bssBIGRAM    000000
__HbssCOMRAM                          bssCOMRAM    000000
__Hcinit                              cinit        000000
__Hclrtext                            clrtext      000000
__Hcomram                             comram       000000
__Hconfig                             config       300006
__Hconst                              const        000000
__HcstackBANK5                        cstackBANK5  000000
__HcstackCOMRAM                       cstackCOMRAM 000000
__Hdata                               data         000000
__HdataBANK5                          dataBANK5    000000
__Heeprom_data                        eeprom_data  000000
__Hfarbss                             farbss       000000
__Hfardata                            fardata      000000
__Hheap                               heap         000000
__Hibigdata                           ibigdata     000000
__Hidata                              idata        000000
__HidataBANK5                         idataBANK5   000000
__Hidloc                              idloc        000000
__Hifardata                           ifardata     000000
__Hinit                               init         00001E
__Hintsave_regs                       intsave_regs 000000
__Hirdata                             irdata       000000
__Hivt0x8                             ivt0x8       00001A
__Hmediumconst                        mediumconst  000000
__HnvBANK5                            nvBANK5      000000
__HnvFARRAM                           nvFARRAM     000000
__Hnvbit                              nvbit        000000
__Hnvrram                             nvrram       000000
__Hparam                              rparam       000000
__Hpowerup                            powerup      000000
__Hram                                ram          000000
__Hramtop                             ramtop       001600
__Hrbit                               rbit         000000
__Hrbss                               rbss         000000
__Hrdata                              rdata        000000
__Hreset_vec                          reset_vec    000004
__Hrparam                             rparam       000000
__Hsfr                                sfr          000000
__Hsmallconst                         smallconst   001602
__Hspace_0                            (abs)        00376A
__Hspace_1                            (abs)        0011F8
__Hspace_2                            (abs)        000000
__Hspace_4                            (abs)        600006
__Hstack                              stack        000000
__Hstruct                             struct       000000
__Htemp                               temp         000000
__Htext                               text         000000
__Htext0                              text0        000000
__Htext1                              text1        000000
__Htext10                             text10       000000
__Htext11                             text11       000000
__Htext12                             text12       000000
__Htext13                             text13       000000
__Htext14                             text14       000000
__Htext15                             text15       000000
__Htext16                             text16       000000
__Htext17                             text17       000000
__Htext18                             text18       000000
__Htext19                             text19       000000
__Htext2                              text2        000000
__Htext20                             text20       000000
__Htext21                             text21       000000
__Htext22                             text22       000000
__Htext23                             text23       000000
__Htext24                             text24       000000
__Htext25                             text25       000000
__Htext26                             text26       000000
__Htext27                             text27       000000
__Htext28                             text28       000000
__Htext29                             text29       000000
__Htext3                              text3        000000
__Htext30                             text30       000000
__Htext31                             text31       000000
__Htext32                             text32       000000
__Htext33                             text33       000000
__Htext34                             text34       000000
__Htext35                             text35       000000
__Htext36                             text36       000000
__Htext37                             text37       000000
__Htext38                             text38       000000
__Htext39                             text39       000000
__Htext4                              text4        000000
__Htext40                             text40       000000
__Htext41                             text41       000000
__Htext42                             text42       000000
__Htext43                             text43       000000
__Htext44                             text44       000000
__Htext45                             text45       000000
__Htext46                             text46       000000
__Htext47                             text47       000000
__Htext48                             text48       000000
__Htext49                             text49       000000
__Htext5                              text5        000000
__Htext50                             text50       000000
__Htext51                             text51       000000
__Htext52                             text52       000000
__Htext53                             text53       000000
__Htext54                             text54       000000
__Htext55                             text55       000000
__Htext56                             text56       000000
__Htext57                             text57       000000
__Htext58                             text58       000000
__Htext59                             text59       000000
__Htext6                              text6        000000
__Htext60                             text60       000000
__Htext61                             text61       000000
__Htext62                             text62       000000
__Htext63                             text63       000000
__Htext64                             text64       000000
__Htext65                             text65       000000
__Htext66                             text66       000000
__Htext67                             text67       000000
__Htext68                             text68       000000
__Htext69                             text69       000000
__Htext7                              text7        000000
__Htext70                             text70       000000
__Htext71                             text71       000000
__Htext72                             text72       000000
__Htext73                             text73       000000
__Htext74                             text74       000000
__Htext75                             text75       000000
__Htext76                             text76       000000
__Htext77                             text77       000000
__Htext78                             text78       000000
__Htext79                             text79       000000
__Htext8                              text8        000000
__Htext80                             text80       000000
__Htext81                             text81       000000
__Htext82                             text82       000000
__Htext83                             text83       000000
__Htext84                             text84       000000
__Htext85                             text85       000000
__Htext86                             text86       000000
__Htext87                             text87       000000
__Htext88                             text88       000000
__Htext89                             text89       000000
__Htext9                              text9        000000
__Htext90                             text90       000000
__LRAM                                (abs)        000001
__L__absolute__                       __absolute__ 000000
__Labs1                               abs1         000000
__Lbank10                             bank10       000000
__Lbank11                             bank11       000000
__Lbank12                             bank12       000000
__Lbank13                             bank13       000000
__Lbank14                             bank14       000000
__Lbank15                             bank15       000000
__Lbank16                             bank16       000000
__Lbank17                             bank17       000000
__Lbank18                             bank18       000000
__Lbank19                             bank19       000000
__Lbank20                             bank20       000000
__Lbank5                              bank5        000000
__Lbank6                              bank6        000000
__Lbank7                              bank7        000000
__Lbank8                              bank8        000000
__Lbank9                              bank9        000000
__Lbigbss                             bigbss       000000
__Lbigdata                            bigdata      000000
__Lbigram                             bigram       000000
__Lbigsfr                             bigsfr       000000
__Lbss                                bss          000000
__LbssBANK5                           bssBANK5     000000
__LbssBANK6                           bssBANK6     000000
__LbssBIGRAM                          bssBIGRAM    000000
__LbssCOMRAM                          bssCOMRAM    000000
__Lcinit                              cinit        000000
__Lclrtext                            clrtext      000000
__Lcomram                             comram       000000
__Lconfig                             config       000000
__Lconst                              const        000000
__LcstackBANK5                        cstackBANK5  000000
__LcstackCOMRAM                       cstackCOMRAM 000000
__Ldata                               data         000000
__LdataBANK5                          dataBANK5    000000
__Leeprom_data                        eeprom_data  000000
__Lfarbss                             farbss       000000
__Lfardata                            fardata      000000
__Lheap                               heap         000000
__Libigdata                           ibigdata     000000
__Lidata                              idata        000000
__LidataBANK5                         idataBANK5   000000
__Lidloc                              idloc        000000
__Lifardata                           ifardata     000000
__Linit                               init         00001A
__Lintsave_regs                       intsave_regs 000000
__Lirdata                             irdata       000000
__Livt0x8                             ivt0x8       000008
__Lmediumconst                        mediumconst  000000
__LnvBANK5                            nvBANK5      000000
__LnvFARRAM                           nvFARRAM     000000
__Lnvbit                              nvbit        000000
__Lnvrram                             nvrram       000000
__Lparam                              rparam       000000
__Lpowerup                            powerup      000000
__Lram                                ram          000000
__Lramtop                             ramtop       001600
__Lrbit                               rbit         000000
__Lrbss                               rbss         000000
__Lrdata                              rdata        000000
__Lreset_vec                          reset_vec    000000
__Lrparam                             rparam       000000
__Lsfr                                sfr          000000
__Lsmallconst                         smallconst   001600
__Lspace_0                            (abs)        000000
__Lspace_1                            (abs)        000000
__Lspace_2                            (abs)        000000
__Lspace_4                            (abs)        000000
__Lstack                              stack        000000
__Lstruct                             struct       000000
__Ltemp                               temp         000000
__Ltext                               text         000000
__Ltext0                              text0        000000
__Ltext1                              text1        000000
__Ltext10                             text10       000000
__Ltext11                             text11       000000
__Ltext12                             text12       000000
__Ltext13                             text13       000000
__Ltext14                             text14       000000
__Ltext15                             text15       000000
__Ltext16                             text16       000000
__Ltext17                             text17       000000
__Ltext18                             text18       000000
__Ltext19                             text19       000000
__Ltext2                              text2        000000
__Ltext20                             text20       000000
__Ltext21                             text21       000000
__Ltext22                             text22       000000
__Ltext23                             text23       000000
__Ltext24                             text24       000000
__Ltext25                             text25       000000
__Ltext26                             text26       000000
__Ltext27                             text27       000000
__Ltext28                             text28       000000
__Ltext29                             text29       000000
__Ltext3                              text3        000000
__Ltext30                             text30       000000
__Ltext31                             text31       000000
__Ltext32                             text32       000000
__Ltext33                             text33       000000
__Ltext34                             text34       000000
__Ltext35                             text35       000000
__Ltext36                             text36       000000
__Ltext37                             text37       000000
__Ltext38                             text38       000000
__Ltext39                             text39       000000
__Ltext4                              text4        000000
__Ltext40                             text40       000000
__Ltext41                             text41       000000
__Ltext42                             text42       000000
__Ltext43                             text43       000000
__Ltext44                             text44       000000
__Ltext45                             text45       000000
__Ltext46                             text46       000000
__Ltext47                             text47       000000
__Ltext48                             text48       000000
__Ltext49                             text49       000000
__Ltext5                              text5        000000
__Ltext50                             text50       000000
__Ltext51                             text51       000000
__Ltext52                             text52       000000
__Ltext53                             text53       000000
__Ltext54                             text54       000000
__Ltext55                             text55       000000
__Ltext56                             text56       000000
__Ltext57                             text57       000000
__Ltext58                             text58       000000
__Ltext59                             text59       000000
__Ltext6                              text6        000000
__Ltext60                             text60       000000
__Ltext61                             text61       000000
__Ltext62                             text62       000000
__Ltext63                             text63       000000
__Ltext64                             text64       000000
__Ltext65                             text65       000000
__Ltext66                             text66       000000
__Ltext67                             text67       000000
__Ltext68                             text68       000000
__Ltext69                             text69       000000
__Ltext7                              text7        000000
__Ltext70                             text70       000000
__Ltext71                             text71       000000
__Ltext72                             text72       000000
__Ltext73                             text73       000000
__Ltext74                             text74       000000
__Ltext75                             text75       000000
__Ltext76                             text76       000000
__Ltext77                             text77       000000
__Ltext78                             text78       000000
__Ltext79                             text79       000000
__Ltext8                              text8        000000
__Ltext80                             text80       000000
__Ltext81                             text81       000000
__Ltext82                             text82       000000
__Ltext83                             text83       000000
__Ltext84                             text84       000000
__Ltext85                             text85       000000
__Ltext86                             text86       000000
__Ltext87                             text87       000000
__Ltext88                             text88       000000
__Ltext89                             text89       000000
__Ltext9                              text9        000000
__Ltext90                             text90       000000
__S0                                  (abs)        00376A
__S1                                  (abs)        0011F8
__S4                                  (abs)        000000
__S5                                  (abs)        000000
___heap_hi                            (abs)        000000
___heap_lo                            (abs)        000000
___inthi_sp                           stack        000000
___inthi_stack_hi                     stack        000000
___inthi_stack_lo                     stack        000000
___intlo_sp                           stack        000000
___intlo_stack_hi                     stack        000000
___intlo_stack_lo                     stack        000000
___lldiv                              text84       002992
___lldiv@counter                      cstackCOMRAM 00051E
___lldiv@dividend                     cstackCOMRAM 000512
___lldiv@divisor                      cstackCOMRAM 000516
___lldiv@quotient                     cstackCOMRAM 00051A
___lmul                               text83       002D32
___lmul@multiplicand                  cstackCOMRAM 00050A
___lmul@multiplier                    cstackCOMRAM 000506
___lmul@product                       cstackCOMRAM 00050E
___lwmod                              text67       002D9C
___lwmod@counter                      cstackCOMRAM 00050A
___lwmod@dividend                     cstackCOMRAM 000506
___lwmod@divisor                      cstackCOMRAM 000508
___param_bank                         (abs)        000000
___rparam_used                        (abs)        000001
___sp                                 stack        000000
___stack_hi                           stack        000000
___stack_lo                           stack        000000
__accesstop                           (abs)        000560
__activetblptr                        (abs)        000002
__end_of_Compress_Pack                text69       0028E8
__end_of_Compress_Unpack              text68       0025CC
__end_of_FlowControl_GetLockFlags     text8        003310
__end_of_FlowControl_GetParams        text10       003366
__end_of_FlowControl_GetTempLockCount text7        0036AC
__end_of_FlowControl_Init             text80       0034DA
__end_of_FlowControl_OnCapture        text61       003766
__end_of_FlowControl_Process          text74       0030AA
__end_of_FlowControl_RecalcDerived    text81       0033E4
__end_of_FlowControl_SetParams        text17       003768
__end_of_FlowControl_Unlock           text16       00333C
__end_of_FlowLog_BatchReady           text57       003534
__end_of_FlowLog_GetAt                text66       002FC0
__end_of_FlowLog_GetCaptureCount      text65       0036BE
__end_of_FlowLog_GetWriteIndex        text64       003724
__end_of_FlowLog_Init                 text70       0030F4
__end_of_FlowLog_Process              text60       0024E8
__end_of_FlowMeter_GetTotal           text71       003634
__end_of_FlowMeter_Init               text59       0034BA
__end_of_FlowReport_Init              text58       0032B6
__end_of_FlowReport_IsBusy            text26       00305E
__end_of_FlowReport_IsSending         text22       0035F0
__end_of_FlowReport_NotifyAA          text15       003734
__end_of_FlowReport_Process           text50       001A68
__end_of_FlowReport_RequestReport     text49       00373C
__end_of_FlowReport_SendAck           text12       00356C
__end_of_FlowReport_SendNak           text11       003550
__end_of_FlowReport_SendParam         text9        003136
__end_of_FlowReport_SendValve         text3        003012
__end_of_FlowReport_WakeDuePending    text48       003516
__end_of_LEDs_Init                    text47       00340C
__end_of_LedFsm_Init                  text46       00349A
__end_of_LedFsm_NotifyDataCycle       text56       00347A
__end_of_LedFsm_NotifyWake            text45       0035A4
__end_of_LedFsm_Process               text44       00278C
__end_of_MCU_Time_Advance             text36       00369A
__end_of_MCU_Time_Increase_Unit       text90       0036F0
__end_of_MCU_Time_Init                text30       003686
__end_of_MCU_Time_Process             text43       00376A
__end_of_MValve_OP3_CmdClose          text78       003434
__end_of_MValve_OP3_CmdOpen           text77       0033BA
__end_of_MValve_OP3_GetCtrlPin        text6        003672
__end_of_MValve_OP3_GetMotion         text5        003742
__end_of_MValve_OP3_GetPwrPin         text4        00365E
__end_of_MValve_OP3_Init              text41       003588
__end_of_MValve_OP3_IsBusy            text40       00374E
__end_of_MValve_OP3_Process           text39       002D32
__end_of_Packet_CRC16                 text14       002F14
__end_of_Packet_CRC16_Init            text55       003760
__end_of_Packet_CRC16_Update          text54       002F6C
__end_of_Packet_ParseByte             text20       001E58
__end_of_Packet_ParserReset           text21       002EBC
__end_of_Packet_ParserTimeoutCheck    text19       002E62
__end_of_PulseCounter_Enable          text38       003748
__end_of_PulseCounter_Get             text73       00364A
__end_of_PulseCounter_Init            text37       0034F8
__end_of_Sys_Time_EnterDeepSleep      text31       002BEA
__end_of_Sys_Time_ISR                 text89       003458
__end_of_Sys_Time_Init                text29       0036FC
__end_of_Sys_Time_ResumeTick          text35       0035BE
__end_of_UART_ISR                     text86       002992
__end_of_UART_Init                    text28       0031F2
__end_of_UART_RX_Pop                  text18       0031B8
__end_of_UART_RX_Push                 text88       0032E4
__end_of_UART_RX_SetCallback          text27       003710
__end_of_UART_TX_Free                 text53       00375A
__end_of_UART_TX_IsEmpty              text25       003390
__end_of_UART_WakeArm                 text34       003608
__end_of_UART_WakeDisarm              text33       00371A
__end_of_UART_WokeByEdge              text32       00361E
__end_of_Wake_Process                 text24       003178
__end_of_Wake_Raise                   text23       003706
__end_of___lldiv                      text84       002A36
__end_of___lmul                       text83       002D9C
__end_of___lwmod                      text67       002E00
__end_of__initialization              cinit        002C4E
__end_of_apply_valve                  text76       002AD8
__end_of_dispatch_packet              text2        001FEC
__end_of_evaluate_alerts              text62       0026AE
__end_of_flowmeter_refresh            text72       00325A
__end_of_getNowTime                   text79       0036D0
__end_of_isr                          text85       0035D8
__end_of_main                         text0        00228E
__end_of_on_uart_rx                   text87       0036E0
__end_of_packet_rx_pump               text1        002CC6
__end_of_print_char                   text52       003226
__end_of_quantize_window              text82       00283C
__end_of_send_raw                     text51       003288
__end_of_send_small_packet            text13       002148
__end_of_sliding_sum                  text63       0023BE
__end_of_timeSpan                     text75       002B68
__end_of_valve_pins_idle              text42       003754
__initialization                      cinit        002BEA
__mediumconst                         smallconst   001600
__pbssBANK5                           bssBANK5     000560
__pbssBANK6                           bssBANK6     000600
__pbssBIGRAM                          bssBIGRAM    000640
__pbssCOMRAM                          bssCOMRAM    000555
__pcinit                              cinit        002BEA
__pcstackBANK5                        cstackBANK5  0005F6
__pcstackCOMRAM                       cstackCOMRAM 000501
__pdataBANK5                          dataBANK5    0005EE
__pidataBANK5                         idataBANK5   003724
__pivt0x8                             ivt0x8       000008
__pnvBANK5                            nvBANK5      0005DA
__psmallconst                         smallconst   001600
__ptext0                              text0        002148
__ptext1                              text1        002C58
__ptext10                             text10       00333C
__ptext11                             text11       003534
__ptext12                             text12       003550
__ptext13                             text13       001FEC
__ptext14                             text14       002EBC
__ptext15                             text15       00372C
__ptext16                             text16       003310
__ptext17                             text17       003766
__ptext18                             text18       003178
__ptext19                             text19       002E00
__ptext2                              text2        001E58
__ptext20                             text20       001A68
__ptext21                             text21       002E62
__ptext22                             text22       0035D8
__ptext23                             text23       0036FC
__ptext24                             text24       003136
__ptext25                             text25       003366
__ptext26                             text26       003012
__ptext27                             text27       003706
__ptext28                             text28       0031B8
__ptext29                             text29       0036F0
__ptext3                              text3        002FC0
__ptext30                             text30       003672
__ptext31                             text31       002B68
__ptext32                             text32       003608
__ptext33                             text33       003710
__ptext34                             text34       0035F0
__ptext35                             text35       0035A4
__ptext36                             text36       003686
__ptext37                             text37       0034DA
__ptext38                             text38       003742
__ptext39                             text39       002CC6
__ptext4                              text4        00364A
__ptext40                             text40       003748
__ptext41                             text41       00356C
__ptext42                             text42       00374E
__ptext43                             text43       003768
__ptext44                             text44       0026AE
__ptext45                             text45       003588
__ptext46                             text46       00347A
__ptext47                             text47       0033E4
__ptext48                             text48       0034F8
__ptext49                             text49       003734
__ptext5                              text5        00373C
__ptext50                             text50       001602
__ptext51                             text51       00325A
__ptext52                             text52       0031F2
__ptext53                             text53       003754
__ptext54                             text54       002F14
__ptext55                             text55       00375A
__ptext56                             text56       003458
__ptext57                             text57       003516
__ptext58                             text58       003288
__ptext59                             text59       00349A
__ptext6                              text6        00365E
__ptext60                             text60       0023BE
__ptext61                             text61       003760
__ptext62                             text62       0025CC
__ptext63                             text63       00228E
__ptext64                             text64       00371A
__ptext65                             text65       0036AC
__ptext66                             text66       002F6C
__ptext67                             text67       002D9C
__ptext68                             text68       0024E8
__ptext69                             text69       00283C
__ptext7                              text7        00369A
__ptext70                             text70       0030AA
__ptext71                             text71       00361E
__ptext72                             text72       003226
__ptext73                             text73       003634
__ptext74                             text74       00305E
__ptext75                             text75       002AD8
__ptext76                             text76       002A36
__ptext77                             text77       003390
__ptext78                             text78       00340C
__ptext79                             text79       0036BE
__ptext8                              text8        0032E4
__ptext80                             text80       0034BA
__ptext81                             text81       0033BA
__ptext82                             text82       00278C
__ptext83                             text83       002D32
__ptext84                             text84       002992
__ptext85                             text85       0035BE
__ptext86                             text86       0028E8
__ptext87                             text87       0036D0
__ptext88                             text88       0032B6
__ptext89                             text89       003434
__ptext9                              text9        0030F4
__ptext90                             text90       0036E0
__ramtop                              ramtop       001600
__smallconst                          smallconst   001600
_apply_valve                          text76       002A36
_apply_valve$1777                     cstackCOMRAM 00050A
_dispatch_packet                      text2        001E58
_evaluate_alerts                      text62       0025CC
_flowmeter_refresh                    text72       003226
_getNowTime                           text79       0036BE
_isr                                  text85       0035BE
_main                                 text0        002148
_on_uart_rx                           text87       0036D0
_packet_rx_pump                       text1        002C58
_print_char                           text52       0031F2
_quantize_window                      text82       00278C
_s_aa                                 bssBANK5     0005B7
_s_batch_ready                        bssBANK5     0005BD
_s_buf                                bssBIGRAM    000640
_s_captures                           bssBANK5     000598
_s_drive_ms                           bssBANK5     000580
_s_drive_open                         bssBANK5     0005AE
_s_driving                            bssBANK5     0005AF
_s_end                                bssBANK5     0005A6
_s_group                              bssBANK5     0005AA
_s_i                                  bssBANK5     0005A4
_s_leak1_window_n                     nvBANK5      0005E8
_s_leak2_window_n                     nvBANK5      0005E6
_s_mark                               nvBANK5      0005DA
_s_mark_ms                            nvBANK5      0005E2
_s_mode                               bssBANK5     0005B6
_s_motion                             bssBANK5     0005B0
_s_param                              dataBANK5    0005EE
_s_parser                             bssBANK5     0005C2
_s_perm_locked                        bssBANK5     0005B3
_s_phase0                             bssBANK5     00058C
_s_prev_cnt                           nvBANK5      0005EA
_s_prev_total                         nvBANK5      0005DE
_s_read                               bssBANK5     0005A8
_s_report_req                         bssBANK5     0005B8
_s_rsp_crc                            bssCOMRAM    000555
_s_rx_buf                             bssBANK5     000560
_s_rx_cb                              nvBANK5      0005EC
_s_rx_count                           bssBANK5     0005BE
_s_rx_head                            bssBANK5     0005C0
_s_rx_tail                            bssBANK5     0005BF
_s_send_state                         bssBANK5     0005BA
_s_temp_lock_count                    bssBANK5     000584
_s_temp_locked                        bssBANK5     0005B4
_s_temp_unlock_ms                     bssBANK5     000588
_s_toggles                            bssBANK5     0005B5
_s_total                              bssBANK5     00059C
_s_tx_buf                             bssBANK6     000600
_s_tx_count                           bssCOMRAM    000557
_s_tx_delay_active                    bssBANK5     0005B9
_s_tx_delay_ms                        bssBANK5     000590
_s_tx_head                            bssCOMRAM    000559
_s_tx_tail                            bssCOMRAM    000558
_s_valve_cmd_valid                    bssBANK5     0005B1
_s_valve_should_close                 bssBANK5     0005B2
_s_wake_active                        bssBANK5     0005C1
_s_wake_due                           bssBANK5     0005BB
_s_wake_ms                            bssBANK5     000594
_s_wake_state                         bssBANK5     0005BC
_s_write                              bssBANK5     0005AC
_send_raw                             text51       00325A
_send_small_packet                    text13       001FEC
_sliding_sum                          text63       00228E
_timeSpan                             text75       002AD8
_unNowTime_ms                         bssBANK5     0005A0
_valve_pins_idle                      text42       00374E
apply_valve@want_close                cstackCOMRAM 00050B
dispatch_packet@np                    cstackCOMRAM 000545
dispatch_packet@p                     cstackCOMRAM 000540
end_of_initialization                 cinit        002C4E
evaluate_alerts@sum1                  cstackCOMRAM 000547
evaluate_alerts@sum2                  cstackCOMRAM 00054B
flowmeter_refresh@inc                 cstackCOMRAM 00050C
flowmeter_refresh@now                 cstackCOMRAM 00050E
intlevel0                             text         000000
intlevel1                             text         000000
intlevel2                             text         000000
intlevel3                             text         000000
isa$std                               (abs)        000001
isa$xinst                             (abs)        000000
ivt0x8_base                           ivt0x8       000008
main@cause                            cstackCOMRAM 000553
main@wdt_reset                        cstackCOMRAM 000554
on_uart_rx@ch                         cstackCOMRAM 000502
packet_rx_pump@b                      cstackCOMRAM 00054D
print_char@c                          cstackCOMRAM 000506
quantize_window@n                     cstackCOMRAM 000521
quantize_window@window_s              cstackCOMRAM 00051F
send_raw@b                            cstackCOMRAM 000507
send_raw@k                            cstackCOMRAM 00050A
send_raw@n                            cstackCOMRAM 000509
send_small_packet@crc                 cstackCOMRAM 000528
send_small_packet@data                cstackCOMRAM 000512
send_small_packet@frame               cstackCOMRAM 000518
send_small_packet@func                cstackCOMRAM 000527
send_small_packet@i                   cstackCOMRAM 00052E
send_small_packet@k                   cstackCOMRAM 00052A
send_small_packet@k_1629              cstackCOMRAM 00052C
send_small_packet@len                 cstackCOMRAM 000514
sliding_sum@already                   cstackCOMRAM 00053B
sliding_sum@e                         cstackCOMRAM 00053F
sliding_sum@idx                       cstackCOMRAM 000531
sliding_sum@k                         cstackCOMRAM 000539
sliding_sum@limit                     cstackCOMRAM 000537
sliding_sum@sum                       cstackCOMRAM 000533
sliding_sum@w                         cstackCOMRAM 00052F
sliding_sum@window_n                  cstackCOMRAM 000527
stackhi                               (abs)        000000
stacklo                               (abs)        000000
start                                 init         00001A
start_initialization                  cinit        002BEA
timeSpan@now                          cstackCOMRAM 000516
timeSpan@unOldTime_ms                 cstackCOMRAM 00050A


MODULE INFORMATION

Module		Function		Class		Link	Load	Size
MCU_Time.c
		_MCU_Time_Increase_Unit		CODE           	36E0	0000	16
		_timeSpan      		CODE           	2AD8	0000	144
		_MCU_Time_Advance		CODE           	3686	0000	20
		_MCU_Time_Init 		CODE           	3672	0000	20
		_getNowTime    		CODE           	36BE	0000	18

MCU_Time.c estimated size: 218

Compress_Pack_10_14.c
		_Compress_Pack 		CODE           	283C	0000	172
		_Compress_Unpack		CODE           	24E8	0000	228

Compress_Pack_10_14.c estimated size: 400

FlowMeter.c
		_flowmeter_refresh		CODE           	3226	0000	52
		_FlowMeter_Init		CODE           	349A	0000	32
		_FlowMeter_GetTotal		CODE           	361E	0000	22

FlowMeter.c estimated size: 106

Packet.c
		_Packet_CRC16_Update		CODE           	2F14	0000	88
		_Packet_CRC16  		CODE           	2EBC	0000	88
		_Packet_ParseByte		CODE           	1A68	0000	1008
		_Packet_CRC16_Init		CODE           	375A	0000	6
		_Packet_ParserTimeoutCheck		CODE           	2E00	0000	98
		_Packet_ParserReset		CODE           	2E62	0000	90

Packet.c estimated size: 1378

FlowReport.c
		_FlowReport_RequestReport		CODE           	3734	0000	8
		_send_small_packet		CODE           	1FEC	0000	348
		_FlowReport_SendParam		CODE           	30F4	0000	66
		_FlowReport_WakeDuePending		CODE           	34F8	0000	30
		_FlowReport_IsSending		CODE           	35D8	0000	24
		_send_raw      		CODE           	325A	0000	46
		_FlowReport_SendValve		CODE           	2FC0	0000	82
		_FlowReport_SendAck		CODE           	3550	0000	28
		_FlowReport_SendNak		CODE           	3534	0000	28
		_FlowReport_IsBusy		CODE           	3012	0000	76
		_FlowReport_Init		CODE           	3288	0000	46
		_FlowReport_NotifyAA		CODE           	372C	0000	8
		_FlowReport_Process		CODE           	1602	0000	1126

FlowReport.c estimated size: 1916

Sys_Time_MCU_Specific.c
		_Sys_Time_ResumeTick		CODE           	35A4	0000	26
		_Sys_Time_ISR  		CODE           	3434	0000	36
		_Sys_Time_Init 		CODE           	36F0	0000	12
		_Sys_Time_EnterDeepSleep		CODE           	2B68	0000	130
		_MCU_Time_Process		CODE           	3768	0000	2

Sys_Time_MCU_Specific.c estimated size: 206

/Applications/microchip/xc8/v3.10/pic/sources/c99/common/Umul32.c
		___lmul        		CODE           	2D32	0000	106

/Applications/microchip/xc8/v3.10/pic/sources/c99/common/Umul32.c estimated size: 106

Dev_Uart.c
		_UART_RX_SetCallback		CODE           	3706	0000	10
		_UART_WakeArm  		CODE           	35F0	0000	24
		_UART_RX_Pop   		CODE           	3178	0000	64
		_UART_Init     		CODE           	31B8	0000	58
		_UART_RX_Push  		CODE           	32B6	0000	46
		_UART_WokeByEdge		CODE           	3608	0000	22
		_print_char    		CODE           	31F2	0000	52
		_UART_TX_IsEmpty		CODE           	3366	0000	42
		_UART_ISR      		CODE           	28E8	0000	170
		_UART_WakeDisarm		CODE           	3710	0000	10
		_UART_TX_Free  		CODE           	3754	0000	6

Dev_Uart.c estimated size: 504

/Applications/microchip/xc8/v3.10/pic/sources/c99/common/__lldiv.c
		___lldiv       		CODE           	2992	0000	164

/Applications/microchip/xc8/v3.10/pic/sources/c99/common/__lldiv.c estimated size: 164

shared
		__initialization		CODE           	2BEA	0000	100

shared estimated size: 100

/Applications/microchip/xc8/v3.10/pic/sources/c99/common/lwmod.c
		___lwmod       		CODE           	2D9C	0000	100

/Applications/microchip/xc8/v3.10/pic/sources/c99/common/lwmod.c estimated size: 100

PulseCounter.c
		_PulseCounter_Init		CODE           	34DA	0000	30
		_PulseCounter_Enable		CODE           	3742	0000	6
		_PulseCounter_Get		CODE           	3634	0000	22

PulseCounter.c estimated size: 58

MValve_OP3.c
		_MValve_OP3_IsBusy		CODE           	3748	0000	6
		_MValve_OP3_CmdOpen		CODE           	3390	0000	42
		_MValve_OP3_Init		CODE           	356C	0000	28
		_MValve_OP3_Process		CODE           	2CC6	0000	108
		_MValve_OP3_GetMotion		CODE           	373C	0000	6
		_MValve_OP3_GetCtrlPin		CODE           	365E	0000	20
		_MValve_OP3_CmdClose		CODE           	340C	0000	40
		_MValve_OP3_GetPwrPin		CODE           	364A	0000	20
		_valve_pins_idle		CODE           	374E	0000	6

MValve_OP3.c estimated size: 276

FlowLog.c
		_FlowLog_GetCaptureCount		CODE           	36AC	0000	18
		_FlowLog_GetWriteIndex		CODE           	371A	0000	10
		_FlowLog_Init  		CODE           	30AA	0000	74
		_FlowLog_GetAt 		CODE           	2F6C	0000	84
		_FlowLog_Process		CODE           	23BE	0000	298
		_FlowLog_BatchReady		CODE           	3516	0000	30

FlowLog.c estimated size: 514

led_fsm_sysstate.c
		_LedFsm_Init   		CODE           	347A	0000	32
		_LedFsm_NotifyWake		CODE           	3588	0000	28
		_LedFsm_Process		CODE           	26AE	0000	222
		_LedFsm_NotifyDataCycle		CODE           	3458	0000	34

led_fsm_sysstate.c estimated size: 316

main.c
		_dispatch_packet		CODE           	1E58	0000	404
		_main          		CODE           	2148	0000	326
		_on_uart_rx    		CODE           	36D0	0000	16
		_isr           		CODE           	35BE	0000	26
		_Wake_Raise    		CODE           	36FC	0000	10
		_Wake_Process  		CODE           	3136	0000	66
		_packet_rx_pump		CODE           	2C58	0000	110

main.c estimated size: 958

Flow_Control.c
		_quantize_window		CODE           	278C	0000	176
		_evaluate_alerts		CODE           	25CC	0000	226
		_FlowControl_Unlock		CODE           	3310	0000	44
		_FlowControl_Process		CODE           	305E	0000	76
		_FlowControl_GetTempLockCount		CODE           	369A	0000	18
		_FlowControl_GetLockFlags		CODE           	32E4	0000	44
		_apply_valve   		CODE           	2A36	0000	162
		_FlowControl_GetParams		CODE           	333C	0000	42
		_FlowControl_SetParams		CODE           	3766	0000	2
		_FlowControl_RecalcDerived		CODE           	33BA	0000	42
		_FlowControl_OnCapture		CODE           	3760	0000	6
		_sliding_sum   		CODE           	228E	0000	304
		_FlowControl_Init		CODE           	34BA	0000	32

Flow_Control.c estimated size: 1174

Dev_Led.c
		_LEDs_Init     		CODE           	33E4	0000	40

Dev_Led.c estimated size: 40

