Microchip MPLAB XC8 Compiler V3.10

Linker command line:

-W-3 --edf=/Applications/microchip/xc8/v3.10/pic/dat/20250813170317_en.msgs \
  -pivt0x8=08h -cn \
  -h+dist/default/production/PIC18F06Q40_Template-1.X_V031_DeliverA.production.sym \
  --cmf=dist/default/production/PIC18F06Q40_Template-1.X_V031_DeliverA.production.cmf \
  -z -Q18F06Q40 -o/tmp/xcm7kYa7n/driver_tmp_3.o --defsym=__MPLAB_BUILD=1 \
  --fixupoverflow=error \
  -Mdist/default/production/PIC18F06Q40_Template-1.X_V031_DeliverA.production.map \
  --md=/tmp/xcm7kYa7n/driver_tmp_0.dat -E1 -ver=XC8 Compiler \
  -ACODE=00h-0FFFFh -ACONST=00h-0FFFFh -ASMALLCONST=01600h-016FFhx234 \
  -AMEDIUMCONST=01600h-0FFFFh -ACOMRAM=0501h-055Fh -AABS1=0500h-014FFh \
  -ABIGRAM=0501h-014FFh -ARAM=0560h-05FFh,0600h-06FFhx15 \
  -ABANK5=0560h-05FFh -ABANK6=0600h-06FFh -ABANK7=0700h-07FFh \
  -ABANK8=0800h-08FFh -ABANK9=0900h-09FFh -ABANK10=0A00h-0AFFh \
  -ABANK11=0B00h-0BFFh -ABANK12=0C00h-0CFFh -ABANK13=0D00h-0DFFh \
  -ABANK14=0E00h-0EFFh -ABANK15=0F00h-0FFFh -ABANK16=01000h-010FFh \
  -ABANK17=01100h-011FFh -ABANK18=01200h-012FFh -ABANK19=01300h-013FFh \
  -ABANK20=01400h-014FFh \
  -ASFR=00h-0FFhx4,0400h-045Fh,0460h-04FFh,01500h-015FFh \
  -ABIGSFR=00h-04FFh,01500h-015FFh -ACONFIG=0300000h-0300011h \
  -AIDLOC=0200000h-020003Fh -AEEDATA=0380000h-03801FFh -peeprom_data=EEDATA \
  -preset_vec=00h -ppowerup=CODE,init -pramtop=01600h \
  -psmallconst=SMALLCONST -pmediumconst=MEDIUMCONST -pconst=CONST \
  -AFARRAM=00h-00h \
  -prdata=COMRAM,nvrram=COMRAM,nvbit=COMRAM,rbss=COMRAM,rbit=COMRAM \
  -pfarbss=FARRAM,fardata=FARRAM,nvFARRAM=FARRAM \
  -pintsave_regs=BIGRAM,bigbss=BIGRAM,bigdata=BIGRAM -pbss=RAM \
  -pidata=CODE,irdata=CODE,ibigdata=CODE,ifardata=CODE -prparam=COMRAM \
  /tmp/xcm7kYa7n/driver_tmp_9.o \
  dist/default/production/PIC18F06Q40_Template-1.X_V031_DeliverA.production.o 

Object code version is 3.11

Machine type is 18F06Q40



                Name                               Link     Load   Length Selector   Space Scale
/tmp/xcm7kYa7n/driver_tmp_9.o
                config                           300000   300000        6        0       4
                init                                 1A       1A        4        4       0
                reset_vec                             0        0        4        0       0
dist/default/production/PIC18F06Q40_Template-1.X_V031_DeliverA.production.o
                config                           300000   300000        6        0       4
                smallconst                         1600     1600        2      B00       0
                ivt0x8                                8        8       12        4       0
                text49                             23AC     23AC        E      B01       0
                text48                             21FC     21FC       24      B01       0
                text47                             23FC     23FC        6      B01       0
                text46                             23F6     23F6        6      B01       0
                text45                             2148     2148       34      B01       0
                text44                             1D5A     1D5A       AA      B01       0
                text43                             2302     2302       1A      B01       0
                text42                             2360     2360       16      B01       0
                text41                             2114     2114       34      B01       0
                text40                             234A     234A       16      B01       0
                text39                             239A     239A       12      B01       0
                text38                             2018     2018       4A      B01       0
                text37                             1CAE     1CAE       AC      B01       0
                text36                             1F16     1F16       64      B01       0
                text35                             1E04     1E04       90      B01       0
                text34                             18F0     18F0      11A      B01       0
                text33                             225E     225E       1E      B01       0
                text32                             22E8     22E8       1A      B01       0
                text31                             1FCE     1FCE       4A      B01       0
                text30                             2298     2298       1C      B01       0
                text29                             1AF0     1AF0       E4      B01       0
                text28                             1F7A     1F7A       54      B01       0
                text27                             23DA     23DA        A      B01       0
                text26                             2220     2220       20      B01       0
                text25                             23F0     23F0        6      B01       0
                text24                             20E0     20E0       34      B01       0
                text23                             217C     217C       2E      B01       0
                text22                             1602     1602      2EE      B01       0
                text21                             23EA     23EA        6      B01       0
                text20                             21D4     21D4       28      B01       0
                text19                             227C     227C       1C      B01       0
                text18                             22CE     22CE       1A      B01       0
                text17                             1BD4     1BD4       DA      B01       0
                text16                             2406     2406        2      B01       0
                text15                             23E4     23E4        6      B01       0
                text14                             2240     2240       1E      B01       0
                text13                             2388     2388       12      B01       0
                text12                             22B4     22B4       1A      B01       0
                text11                             231C     231C       18      B01       0
                text10                             23D0     23D0        A      B01       0
                text9                              2334     2334       16      B01       0
                text8                              1E94     1E94       82      B01       0
                text7                              2376     2376       12      B01       0
                text6                              23BA     23BA        C      B01       0
                text5                              20A6     20A6       3A      B01       0
                text4                              23C6     23C6        A      B01       0
                text3                              21AA     21AA       2A      B01       0
                text2                              2404     2404        2      B01       0
                text1                              2402     2402        2      B01       0
                text0                              1A0A     1A0A       E6      B01       0
                cstackCOMRAM                        501      501       3A      501       1
                cstackBANK5                         5B4      5B4        5      560       1
                bssBIGRAM                           5B9      5B9      BB8      5B9       1
                bssBANK5                            560      560       44      560       1
                bssCOMRAM                           53B      53B       20      501       1
                cinit                              2062     2062       44      B01       0
                nvBANK5                             5A4      5A4       10      560       1

TOTAL           Name                               Link     Load   Length     Space
        CLASS   CODE           
                init                                 1A       1A        4         0
                reset_vec                             0        0        4         0
                ivt0x8                                8        8       12         0
                text49                             23AC     23AC        E         0
                text48                             21FC     21FC       24         0
                text47                             23FC     23FC        6         0
                text46                             23F6     23F6        6         0
                text45                             2148     2148       34         0
                text44                             1D5A     1D5A       AA         0
                text43                             2302     2302       1A         0
                text42                             2360     2360       16         0
                text41                             2114     2114       34         0
                text40                             234A     234A       16         0
                text39                             239A     239A       12         0
                text38                             2018     2018       4A         0
                text37                             1CAE     1CAE       AC         0
                text36                             1F16     1F16       64         0
                text35                             1E04     1E04       90         0
                text34                             18F0     18F0      11A         0
                text33                             225E     225E       1E         0
                text32                             22E8     22E8       1A         0
                text31                             1FCE     1FCE       4A         0
                text30                             2298     2298       1C         0
                text29                             1AF0     1AF0       E4         0
                text28                             1F7A     1F7A       54         0
                text27                             23DA     23DA        A         0
                text26                             2220     2220       20         0
                text25                             23F0     23F0        6         0
                text24                             20E0     20E0       34         0
                text23                             217C     217C       2E         0
                text22                             1602     1602      2EE         0
                text21                             23EA     23EA        6         0
                text20                             21D4     21D4       28         0
                text19                             227C     227C       1C         0
                text18                             22CE     22CE       1A         0
                text17                             1BD4     1BD4       DA         0
                text16                             2406     2406        2         0
                text15                             23E4     23E4        6         0
                text14                             2240     2240       1E         0
                text13                             2388     2388       12         0
                text12                             22B4     22B4       1A         0
                text11                             231C     231C       18         0
                text10                             23D0     23D0        A         0
                text9                              2334     2334       16         0
                text8                              1E94     1E94       82         0
                text7                              2376     2376       12         0
                text6                              23BA     23BA        C         0
                text5                              20A6     20A6       3A         0
                text4                              23C6     23C6        A         0
                text3                              21AA     21AA       2A         0
                text2                              2404     2404        2         0
                text1                              2402     2402        2         0
                text0                              1A0A     1A0A       E6         0
                cinit                              2062     2062       44         0

        CLASS   CONST          

        CLASS   SMALLCONST     
                smallconst                         1600     1600        2         0

        CLASS   MEDIUMCONST    

        CLASS   COMRAM         
                cstackCOMRAM                        501      501       3A         1
                bssCOMRAM                           53B      53B       20         1

        CLASS   ABS1           

        CLASS   BIGRAM         
                bssBIGRAM                           5B9      5B9      BB8         1

        CLASS   RAM            

        CLASS   BANK5          
                cstackBANK5                         5B4      5B4        5         1
                bssBANK5                            560      560       44         1
                nvBANK5                             5A4      5A4       10         1

        CLASS   BANK6          

        CLASS   BANK7          

        CLASS   BANK8          

        CLASS   BANK9          

        CLASS   BANK10         

        CLASS   BANK11         

        CLASS   BANK12         

        CLASS   BANK13         

        CLASS   BANK14         

        CLASS   BANK15         

        CLASS   BANK16         

        CLASS   BANK17         

        CLASS   BANK18         

        CLASS   BANK19         

        CLASS   BANK20         

        CLASS   SFR            

        CLASS   BIGSFR         

        CLASS   CONFIG         
                config                           300000   300000        6         4

        CLASS   IDLOC          

        CLASS   EEDATA         

        CLASS   FARRAM         

        CLASS   HEAP           

        CLASS   STACK          



SEGMENTS        Name                           Load    Length   Top    Selector   Space  Class

                reset_vec                      000000  000004  000004         0       0  CODE    
                bssBIGRAM                      0005B9  000BB8  001171       5B9       1  BIGRAM  
                text22                         001602  000E06  002408       B01       0  CODE    
                ivt0x8                         000008  000016  00001E         4       0  CODE    
                cstackCOMRAM                   000501  00005A  00055B       501       1  COMRAM  
                bssBANK5                       000560  000059  0005B9       560       1  BANK5   
                smallconst                     001600  000002  001602       B00       0  SMALLCON


UNUSED ADDRESS RANGES

        Name                Unused          Largest block    Delta
        BANK17           001171-0011FF               8F
        BANK18           001200-0012FF              100
        BANK19           001300-0013FF              100
        BANK20           001400-0014FF              100
        BIGRAM           00055B-00055F                5
                         001171-0014FF              38F
        BIGSFR           000000-0004FF              500
                         001500-0015FF              100
        CODE             000004-000007                4
                         00001E-0015FF             15E2
                         002408-00FFFF             DBF8
        COMRAM           00055B-00055F                5
        CONFIG           300006-300011                C
        CONST            000004-000007                4
                         00001E-0015FF             15E2
                         002408-00FFFF             DBF8
        EEDATA           380000-3801FF              200
        IDLOC            200000-20003F               40
        MEDIUMCONST      002408-00FFFF             DBF8
        RAM              001171-0014FF              100
        SFR              000000-0004FF              100
                         001500-0015FF              100
        SMALLCONST       002408-00FFFF              100

                                  Symbol Table

?_FlowLog_GetWriteIndex             cstackCOMRAM 000505
?_FlowMeter_GetTotal                cstackCOMRAM 00050F
?_PulseCounter_Get                  cstackCOMRAM 000505
?___lwmod                           cstackCOMRAM 000505
?_getNowTime                        cstackCOMRAM 000505
?_timeSpan                          cstackCOMRAM 000509
Compress_Pack@dst                   cstackCOMRAM 000509
Compress_Pack@g                     cstackCOMRAM 00050F
Compress_Pack@p                     cstackCOMRAM 000511
Compress_Pack@pulses                cstackCOMRAM 000507
Compress_Pack@time16                cstackCOMRAM 000505
Compress_Pack@v                     cstackCOMRAM 000513
Compress_Unpack@pulses              cstackCOMRAM 000509
Compress_Unpack@src                 cstackCOMRAM 000505
Compress_Unpack@time16              cstackCOMRAM 000507
Compress_Unpack@v                   cstackCOMRAM 00051A
FlowLog_GetAt@index                 cstackCOMRAM 00051E
FlowLog_GetAt@out                   cstackCOMRAM 000520
FlowLog_GetAt@slot                  cstackCOMRAM 000524
FlowLog_Process@cur                 cstackCOMRAM 00051F
FlowLog_Process@delta               cstackCOMRAM 00051B
FlowLog_Process@slot                cstackCOMRAM 00051D
FlowReport_Process@count            cstackCOMRAM 000537
FlowReport_Process@e                cstackCOMRAM 000533
FlowReport_Process@hdr              cstackCOMRAM 00052B
FlowReport_Process@need             cstackCOMRAM 00052F
FlowReport_Process@need_1312        cstackCOMRAM 000531
FlowReport_Process@raw              cstackCOMRAM 000528
IVTBASEH                            (abs)        00045E
IVTBASEL                            (abs)        00045D
IVTBASEU                            (abs)        00045F
MCU_Time_Advance@unMs               cstackCOMRAM 000505
PulseCounter_Get@hi                 cstackCOMRAM 00050A
PulseCounter_Get@lo                 cstackCOMRAM 000509
Sys_Time_EnterDeepSleep@cause       cstackCOMRAM 000509
UART_ISR@ch                         cstackCOMRAM 000502
UART_RX_SetCallback@cb              cstackCOMRAM 000505
_ANSELAbits                         (abs)        000400
_ANSELCbits                         (abs)        000410
_CPUDOZEbits                        (abs)        0004F2
_Compress_Pack                      text37       001CAE
_Compress_Unpack                    text29       001AF0
_FlowLog_BatchReady                 text30       002298
_FlowLog_GetAt                      text28       001F7A
_FlowLog_GetWriteIndex              text27       0023DA
_FlowLog_Init                       text38       002018
_FlowLog_Process                    text34       0018F0
_FlowMeter_GetTotal                 text40       00234A
_FlowMeter_Init                     text33       00225E
_FlowReport_Init                    text32       0022E8
_FlowReport_IsBusy                  text31       001FCE
_FlowReport_IsBusy$1294             cstackCOMRAM 000505
_FlowReport_NotifyAA                text47       0023FC
_FlowReport_Process                 text22       001602
_FlowReport_RequestReport           text21       0023EA
_INTCON0bits                        (abs)        0004D6
_LATAbits                           (abs)        0004BE
_LATCbits                           (abs)        0004C0
_LEDs_Init                          text20       0021D4
_LedFsm_Init                        text19       00227C
_LedFsm_NotifyDataCycle             text26       002220
_LedFsm_NotifyWake                  text18       0022CE
_LedFsm_Process                     text17       001BD4
_MCU_Time_Advance                   text13       002388
_MCU_Time_Increase_Unit             text49       0023AC
_MCU_Time_Init                      text7        002376
_MCU_Time_Process                   text16       002406
_PIE3bits                           (abs)        0004AB
_PIE4bits                           (abs)        0004AC
_PIR3bits                           (abs)        0004B6
_PIR4bits                           (abs)        0004B7
_PulseCounter_Enable                text15       0023E4
_PulseCounter_Get                   text42       002360
_PulseCounter_Init                  text14       002240
_RC0PPS                             (abs)        000211
_Sys_Time_EnterDeepSleep            text8        001E94
_Sys_Time_ISR                       text48       0021FC
_Sys_Time_Init                      text6        0023BA
_Sys_Time_ResumeTick                text12       0022B4
_T0CON0                             (abs)        00031A
_T0CON0bits                         (abs)        00031A
_T0CON1                             (abs)        00031B
_T1CKIPPS                           (abs)        000242
_T1CLK                              (abs)        000317
_T1CON                              (abs)        000314
_T1CONbits                          (abs)        000314
_T1GCON                             (abs)        000315
_T2CLKCON                           (abs)        000320
_T2CON                              (abs)        00031E
_T2CONbits                          (abs)        00031E
_T2HLT                              (abs)        00031F
_T2PR                               (abs)        00031D
_TMR0H                              (abs)        000319
_TMR0L                              (abs)        000318
_TMR1H                              (abs)        000313
_TMR1L                              (abs)        000312
_TRISAbits                          (abs)        0004C6
_TRISCbits                          (abs)        0004C8
_U1BRGH                             (abs)        0002AF
_U1BRGL                             (abs)        0002AE
_U1CON0bits                         (abs)        0002AB
_U1CON1bits                         (abs)        0002AC
_U1ERRIRbits                        (abs)        0002B2
_U1FIFObits                         (abs)        0002B0
_U1RXB                              (abs)        0002A1
_U1RXPPS                            (abs)        000272
_U1TXB                              (abs)        0002A3
_U1UIRbits                          (abs)        0002B1
_UART_ISR                           text44       001D5A
_UART_Init                          text5        0020A6
_UART_RX_SetCallback                text4        0023C6
_UART_TX_Free                       text25       0023F0
_UART_TX_IsEmpty                    text3        0021AA
_UART_TX_IsEmpty$1088               cstackCOMRAM 000505
_UART_WakeArm                       text11       00231C
_UART_WakeDisarm                    text10       0023D0
_UART_WokeByEdge                    text9        002334
_Valve_Init                         text2        002404
_Valve_Process                      text1        002402
_WDTCON0bits                        (abs)        000078
_WPUCbits                           (abs)        000411
__HRAM                              (abs)        000000
__H__absolute__                     __absolute__ 000000
__Habs1                             abs1         000000
__Hbank10                           bank10       000000
__Hbank11                           bank11       000000
__Hbank12                           bank12       000000
__Hbank13                           bank13       000000
__Hbank14                           bank14       000000
__Hbank15                           bank15       000000
__Hbank16                           bank16       000000
__Hbank17                           bank17       000000
__Hbank18                           bank18       000000
__Hbank19                           bank19       000000
__Hbank20                           bank20       000000
__Hbank5                            bank5        000000
__Hbank6                            bank6        000000
__Hbank7                            bank7        000000
__Hbank8                            bank8        000000
__Hbank9                            bank9        000000
__Hbigbss                           bigbss       000000
__Hbigdata                          bigdata      000000
__Hbigram                           bigram       000000
__Hbigsfr                           bigsfr       000000
__Hbss                              bss          000000
__HbssBANK5                         bssBANK5     000000
__HbssBIGRAM                        bssBIGRAM    000000
__HbssCOMRAM                        bssCOMRAM    000000
__Hcinit                            cinit        000000
__Hclrtext                          clrtext      000000
__Hcomram                           comram       000000
__Hconfig                           config       300006
__Hconst                            const        000000
__HcstackBANK5                      cstackBANK5  000000
__HcstackCOMRAM                     cstackCOMRAM 000000
__Hdata                             data         000000
__Heeprom_data                      eeprom_data  000000
__Hfarbss                           farbss       000000
__Hfardata                          fardata      000000
__Hheap                             heap         000000
__Hibigdata                         ibigdata     000000
__Hidata                            idata        000000
__Hidloc                            idloc        000000
__Hifardata                         ifardata     000000
__Hinit                             init         00001E
__Hintsave_regs                     intsave_regs 000000
__Hirdata                           irdata       000000
__Hivt0x8                           ivt0x8       00001A
__Hmediumconst                      mediumconst  000000
__HnvBANK5                          nvBANK5      000000
__HnvFARRAM                         nvFARRAM     000000
__Hnvbit                            nvbit        000000
__Hnvrram                           nvrram       000000
__Hparam                            rparam       000000
__Hpowerup                          powerup      000000
__Hram                              ram          000000
__Hramtop                           ramtop       001600
__Hrbit                             rbit         000000
__Hrbss                             rbss         000000
__Hrdata                            rdata        000000
__Hreset_vec                        reset_vec    000004
__Hrparam                           rparam       000000
__Hsfr                              sfr          000000
__Hsmallconst                       smallconst   001602
__Hspace_0                          (abs)        002408
__Hspace_1                          (abs)        001171
__Hspace_2                          (abs)        000000
__Hspace_4                          (abs)        600006
__Hstack                            stack        000000
__Hstruct                           struct       000000
__Htemp                             temp         000000
__Htext                             text         000000
__Htext0                            text0        000000
__Htext1                            text1        000000
__Htext10                           text10       000000
__Htext11                           text11       000000
__Htext12                           text12       000000
__Htext13                           text13       000000
__Htext14                           text14       000000
__Htext15                           text15       000000
__Htext16                           text16       000000
__Htext17                           text17       000000
__Htext18                           text18       000000
__Htext19                           text19       000000
__Htext2                            text2        000000
__Htext20                           text20       000000
__Htext21                           text21       000000
__Htext22                           text22       000000
__Htext23                           text23       000000
__Htext24                           text24       000000
__Htext25                           text25       000000
__Htext26                           text26       000000
__Htext27                           text27       000000
__Htext28                           text28       000000
__Htext29                           text29       000000
__Htext3                            text3        000000
__Htext30                           text30       000000
__Htext31                           text31       000000
__Htext32                           text32       000000
__Htext33                           text33       000000
__Htext34                           text34       000000
__Htext35                           text35       000000
__Htext36                           text36       000000
__Htext37                           text37       000000
__Htext38                           text38       000000
__Htext39                           text39       000000
__Htext4                            text4        000000
__Htext40                           text40       000000
__Htext41                           text41       000000
__Htext42                           text42       000000
__Htext43                           text43       000000
__Htext44                           text44       000000
__Htext45                           text45       000000
__Htext46                           text46       000000
__Htext47                           text47       000000
__Htext48                           text48       000000
__Htext49                           text49       000000
__Htext5                            text5        000000
__Htext6                            text6        000000
__Htext7                            text7        000000
__Htext8                            text8        000000
__Htext9                            text9        000000
__LRAM                              (abs)        000001
__L__absolute__                     __absolute__ 000000
__Labs1                             abs1         000000
__Lbank10                           bank10       000000
__Lbank11                           bank11       000000
__Lbank12                           bank12       000000
__Lbank13                           bank13       000000
__Lbank14                           bank14       000000
__Lbank15                           bank15       000000
__Lbank16                           bank16       000000
__Lbank17                           bank17       000000
__Lbank18                           bank18       000000
__Lbank19                           bank19       000000
__Lbank20                           bank20       000000
__Lbank5                            bank5        000000
__Lbank6                            bank6        000000
__Lbank7                            bank7        000000
__Lbank8                            bank8        000000
__Lbank9                            bank9        000000
__Lbigbss                           bigbss       000000
__Lbigdata                          bigdata      000000
__Lbigram                           bigram       000000
__Lbigsfr                           bigsfr       000000
__Lbss                              bss          000000
__LbssBANK5                         bssBANK5     000000
__LbssBIGRAM                        bssBIGRAM    000000
__LbssCOMRAM                        bssCOMRAM    000000
__Lcinit                            cinit        000000
__Lclrtext                          clrtext      000000
__Lcomram                           comram       000000
__Lconfig                           config       000000
__Lconst                            const        000000
__LcstackBANK5                      cstackBANK5  000000
__LcstackCOMRAM                     cstackCOMRAM 000000
__Ldata                             data         000000
__Leeprom_data                      eeprom_data  000000
__Lfarbss                           farbss       000000
__Lfardata                          fardata      000000
__Lheap                             heap         000000
__Libigdata                         ibigdata     000000
__Lidata                            idata        000000
__Lidloc                            idloc        000000
__Lifardata                         ifardata     000000
__Linit                             init         00001A
__Lintsave_regs                     intsave_regs 000000
__Lirdata                           irdata       000000
__Livt0x8                           ivt0x8       000008
__Lmediumconst                      mediumconst  000000
__LnvBANK5                          nvBANK5      000000
__LnvFARRAM                         nvFARRAM     000000
__Lnvbit                            nvbit        000000
__Lnvrram                           nvrram       000000
__Lparam                            rparam       000000
__Lpowerup                          powerup      000000
__Lram                              ram          000000
__Lramtop                           ramtop       001600
__Lrbit                             rbit         000000
__Lrbss                             rbss         000000
__Lrdata                            rdata        000000
__Lreset_vec                        reset_vec    000000
__Lrparam                           rparam       000000
__Lsfr                              sfr          000000
__Lsmallconst                       smallconst   001600
__Lspace_0                          (abs)        000000
__Lspace_1                          (abs)        000000
__Lspace_2                          (abs)        000000
__Lspace_4                          (abs)        000000
__Lstack                            stack        000000
__Lstruct                           struct       000000
__Ltemp                             temp         000000
__Ltext                             text         000000
__Ltext0                            text0        000000
__Ltext1                            text1        000000
__Ltext10                           text10       000000
__Ltext11                           text11       000000
__Ltext12                           text12       000000
__Ltext13                           text13       000000
__Ltext14                           text14       000000
__Ltext15                           text15       000000
__Ltext16                           text16       000000
__Ltext17                           text17       000000
__Ltext18                           text18       000000
__Ltext19                           text19       000000
__Ltext2                            text2        000000
__Ltext20                           text20       000000
__Ltext21                           text21       000000
__Ltext22                           text22       000000
__Ltext23                           text23       000000
__Ltext24                           text24       000000
__Ltext25                           text25       000000
__Ltext26                           text26       000000
__Ltext27                           text27       000000
__Ltext28                           text28       000000
__Ltext29                           text29       000000
__Ltext3                            text3        000000
__Ltext30                           text30       000000
__Ltext31                           text31       000000
__Ltext32                           text32       000000
__Ltext33                           text33       000000
__Ltext34                           text34       000000
__Ltext35                           text35       000000
__Ltext36                           text36       000000
__Ltext37                           text37       000000
__Ltext38                           text38       000000
__Ltext39                           text39       000000
__Ltext4                            text4        000000
__Ltext40                           text40       000000
__Ltext41                           text41       000000
__Ltext42                           text42       000000
__Ltext43                           text43       000000
__Ltext44                           text44       000000
__Ltext45                           text45       000000
__Ltext46                           text46       000000
__Ltext47                           text47       000000
__Ltext48                           text48       000000
__Ltext49                           text49       000000
__Ltext5                            text5        000000
__Ltext6                            text6        000000
__Ltext7                            text7        000000
__Ltext8                            text8        000000
__Ltext9                            text9        000000
__S0                                (abs)        002408
__S1                                (abs)        001171
__S4                                (abs)        000000
__S5                                (abs)        000000
___heap_hi                          (abs)        000000
___heap_lo                          (abs)        000000
___inthi_sp                         stack        000000
___inthi_stack_hi                   stack        000000
___inthi_stack_lo                   stack        000000
___intlo_sp                         stack        000000
___intlo_stack_hi                   stack        000000
___intlo_stack_lo                   stack        000000
___lwmod                            text36       001F16
___lwmod@counter                    cstackCOMRAM 000509
___lwmod@dividend                   cstackCOMRAM 000505
___lwmod@divisor                    cstackCOMRAM 000507
___param_bank                       (abs)        000000
___rparam_used                      (abs)        000001
___sp                               stack        000000
___stack_hi                         stack        000000
___stack_lo                         stack        000000
__accesstop                         (abs)        000560
__activetblptr                      (abs)        000002
__end_of_Compress_Pack              text37       001D5A
__end_of_Compress_Unpack            text29       001BD4
__end_of_FlowLog_BatchReady         text30       0022B4
__end_of_FlowLog_GetAt              text28       001FCE
__end_of_FlowLog_GetWriteIndex      text27       0023E4
__end_of_FlowLog_Init               text38       002062
__end_of_FlowLog_Process            text34       001A0A
__end_of_FlowMeter_GetTotal         text40       002360
__end_of_FlowMeter_Init             text33       00227C
__end_of_FlowReport_Init            text32       002302
__end_of_FlowReport_IsBusy          text31       002018
__end_of_FlowReport_NotifyAA        text47       002402
__end_of_FlowReport_Process         text22       0018F0
__end_of_FlowReport_RequestReport   text21       0023F0
__end_of_LEDs_Init                  text20       0021FC
__end_of_LedFsm_Init                text19       002298
__end_of_LedFsm_NotifyDataCycle     text26       002240
__end_of_LedFsm_NotifyWake          text18       0022E8
__end_of_LedFsm_Process             text17       001CAE
__end_of_MCU_Time_Advance           text13       00239A
__end_of_MCU_Time_Increase_Unit     text49       0023BA
__end_of_MCU_Time_Init              text7        002388
__end_of_MCU_Time_Process           text16       002408
__end_of_PulseCounter_Enable        text15       0023EA
__end_of_PulseCounter_Get           text42       002376
__end_of_PulseCounter_Init          text14       00225E
__end_of_Sys_Time_EnterDeepSleep    text8        001F16
__end_of_Sys_Time_ISR               text48       002220
__end_of_Sys_Time_Init              text6        0023C6
__end_of_Sys_Time_ResumeTick        text12       0022CE
__end_of_UART_ISR                   text44       001E04
__end_of_UART_Init                  text5        0020E0
__end_of_UART_RX_SetCallback        text4        0023D0
__end_of_UART_TX_Free               text25       0023F6
__end_of_UART_TX_IsEmpty            text3        0021D4
__end_of_UART_WakeArm               text11       002334
__end_of_UART_WakeDisarm            text10       0023DA
__end_of_UART_WokeByEdge            text9        00234A
__end_of_Valve_Init                 text2        002406
__end_of_Valve_Process              text1        002404
__end_of___lwmod                    text36       001F7A
__end_of__initialization            cinit        00209C
__end_of_flowmeter_refresh          text41       002148
__end_of_getNowTime                 text39       0023AC
__end_of_isr                        text43       00231C
__end_of_main                       text0        001AF0
__end_of_on_uart_rx                 text45       00217C
__end_of_print_char                 text24       002114
__end_of_send_raw                   text23       0021AA
__end_of_timeSpan                   text35       001E94
__end_ofi2_FlowReport_RequestReport text46       0023FC
__initialization                    cinit        002062
__mediumconst                       smallconst   001600
__pbssBANK5                         bssBANK5     000560
__pbssBIGRAM                        bssBIGRAM    0005B9
__pbssCOMRAM                        bssCOMRAM    00053B
__pcinit                            cinit        002062
__pcstackBANK5                      cstackBANK5  0005B4
__pcstackCOMRAM                     cstackCOMRAM 000501
__pivt0x8                           ivt0x8       000008
__pnvBANK5                          nvBANK5      0005A4
__psmallconst                       smallconst   001600
__ptext0                            text0        001A0A
__ptext1                            text1        002402
__ptext10                           text10       0023D0
__ptext11                           text11       00231C
__ptext12                           text12       0022B4
__ptext13                           text13       002388
__ptext14                           text14       002240
__ptext15                           text15       0023E4
__ptext16                           text16       002406
__ptext17                           text17       001BD4
__ptext18                           text18       0022CE
__ptext19                           text19       00227C
__ptext2                            text2        002404
__ptext20                           text20       0021D4
__ptext21                           text21       0023EA
__ptext22                           text22       001602
__ptext23                           text23       00217C
__ptext24                           text24       0020E0
__ptext25                           text25       0023F0
__ptext26                           text26       002220
__ptext27                           text27       0023DA
__ptext28                           text28       001F7A
__ptext29                           text29       001AF0
__ptext3                            text3        0021AA
__ptext30                           text30       002298
__ptext31                           text31       001FCE
__ptext32                           text32       0022E8
__ptext33                           text33       00225E
__ptext34                           text34       0018F0
__ptext35                           text35       001E04
__ptext36                           text36       001F16
__ptext37                           text37       001CAE
__ptext38                           text38       002018
__ptext39                           text39       00239A
__ptext4                            text4        0023C6
__ptext40                           text40       00234A
__ptext41                           text41       002114
__ptext42                           text42       002360
__ptext43                           text43       002302
__ptext44                           text44       001D5A
__ptext45                           text45       002148
__ptext46                           text46       0023F6
__ptext47                           text47       0023FC
__ptext48                           text48       0021FC
__ptext49                           text49       0023AC
__ptext5                            text5        0020A6
__ptext6                            text6        0023BA
__ptext7                            text7        002376
__ptext8                            text8        001E94
__ptext9                            text9        002334
__ramtop                            ramtop       001600
__smallconst                        smallconst   001600
_flowmeter_refresh                  text41       002114
_getNowTime                         text39       00239A
_isr                                text43       002302
_main                               text0        001A0A
_on_uart_rx                         text45       002148
_print_char                         text24       0020E0
_s_aa                               bssCOMRAM    000553
_s_batch_ready                      bssCOMRAM    000557
_s_buf                              bssBIGRAM    0005B9
_s_captures                         bssBANK5     0005A0
_s_end                              bssCOMRAM    000549
_s_group                            bssCOMRAM    00054D
_s_i                                bssCOMRAM    000547
_s_mark                             nvBANK5      0005A4
_s_mark_ms                          nvBANK5      0005AC
_s_mode                             bssCOMRAM    000552
_s_prev_cnt                         nvBANK5      0005B0
_s_prev_total                       nvBANK5      0005A8
_s_read                             bssCOMRAM    00054B
_s_report_req                       bssCOMRAM    000554
_s_rx_cb                            nvBANK5      0005B2
_s_send_state                       bssCOMRAM    000555
_s_toggles                          bssCOMRAM    000551
_s_total                            bssCOMRAM    00053F
_s_tx_buf                           bssBANK5     000560
_s_tx_count                         bssCOMRAM    000558
_s_tx_head                          bssCOMRAM    00055A
_s_tx_tail                          bssCOMRAM    000559
_s_wake_ms                          bssCOMRAM    00053B
_s_wake_state                       bssCOMRAM    000556
_s_write                            bssCOMRAM    00054F
_send_raw                           text23       00217C
_timeSpan                           text35       001E04
_unNowTime_ms                       bssCOMRAM    000543
end_of_initialization               cinit        00209C
flowmeter_refresh@inc               cstackCOMRAM 00050B
flowmeter_refresh@now               cstackCOMRAM 00050D
i2_FlowReport_RequestReport         text46       0023F6
intlevel0                           text         000000
intlevel1                           text         000000
intlevel2                           text         000000
intlevel3                           text         000000
isa$std                             (abs)        000001
isa$xinst                           (abs)        000000
ivt0x8_base                         ivt0x8       000008
main@cause                          cstackBANK5  0005B8
main@wake_ms                        cstackBANK5  0005B4
on_uart_rx@ch                       cstackCOMRAM 000501
print_char@c                        cstackCOMRAM 000505
send_raw@b                          cstackCOMRAM 000506
send_raw@k                          cstackCOMRAM 000509
send_raw@n                          cstackCOMRAM 000508
stackhi                             (abs)        000000
stacklo                             (abs)        000000
start                               init         00001A
start_initialization                cinit        002062
timeSpan@now                        cstackCOMRAM 000515
timeSpan@unOldTime_ms               cstackCOMRAM 000509


MODULE INFORMATION

Module		Function		Class		Link	Load	Size
MCU_Time.c
		_MCU_Time_Increase_Unit		CODE           	23AC	0000	14
		_timeSpan      		CODE           	1E04	0000	144
		_MCU_Time_Advance		CODE           	2388	0000	18
		_MCU_Time_Init 		CODE           	2376	0000	18
		_getNowTime    		CODE           	239A	0000	18

MCU_Time.c estimated size: 212

Compress_Pack_10_14.c
		_Compress_Pack 		CODE           	1CAE	0000	172
		_Compress_Unpack		CODE           	1AF0	0000	228

Compress_Pack_10_14.c estimated size: 400

FlowMeter.c
		_flowmeter_refresh		CODE           	2114	0000	52
		_FlowMeter_Init		CODE           	225E	0000	30
		_FlowMeter_GetTotal		CODE           	234A	0000	22

FlowMeter.c estimated size: 104

FlowReport.c
		_FlowReport_RequestReport		CODE           	23EA	0000	6
		_send_raw      		CODE           	217C	0000	46
		_FlowReport_IsBusy		CODE           	1FCE	0000	74
		_FlowReport_Init		CODE           	22E8	0000	26
		_FlowReport_NotifyAA		CODE           	23FC	0000	6
		_FlowReport_Process		CODE           	1602	0000	750

FlowReport.c estimated size: 908

Sys_Time_MCU_Specific.c
		_Sys_Time_ResumeTick		CODE           	22B4	0000	26
		_Sys_Time_ISR  		CODE           	21FC	0000	36
		_Sys_Time_Init 		CODE           	23BA	0000	12
		_Sys_Time_EnterDeepSleep		CODE           	1E94	0000	130
		_MCU_Time_Process		CODE           	2406	0000	2

Sys_Time_MCU_Specific.c estimated size: 206

Dev_Uart.c
		_UART_RX_SetCallback		CODE           	23C6	0000	10
		_UART_WakeArm  		CODE           	231C	0000	24
		_UART_Init     		CODE           	20A6	0000	58
		_UART_WokeByEdge		CODE           	2334	0000	22
		_print_char    		CODE           	20E0	0000	52
		_UART_TX_IsEmpty		CODE           	21AA	0000	42
		_UART_ISR      		CODE           	1D5A	0000	170
		_UART_WakeDisarm		CODE           	23D0	0000	10
		_UART_TX_Free  		CODE           	23F0	0000	6

Dev_Uart.c estimated size: 394

shared
		__initialization		CODE           	2062	0000	58
		i2_FlowReport_RequestReport		CODE           	23F6	0000	6

shared estimated size: 64

/Applications/microchip/xc8/v3.10/pic/sources/c99/common/lwmod.c
		___lwmod       		CODE           	1F16	0000	100

/Applications/microchip/xc8/v3.10/pic/sources/c99/common/lwmod.c estimated size: 100

PulseCounter.c
		_PulseCounter_Init		CODE           	2240	0000	30
		_PulseCounter_Enable		CODE           	23E4	0000	6
		_PulseCounter_Get		CODE           	2360	0000	22

PulseCounter.c estimated size: 58

FlowLog.c
		_FlowLog_GetWriteIndex		CODE           	23DA	0000	10
		_FlowLog_Init  		CODE           	2018	0000	74
		_FlowLog_GetAt 		CODE           	1F7A	0000	84
		_FlowLog_Process		CODE           	18F0	0000	282
		_FlowLog_BatchReady		CODE           	2298	0000	28

FlowLog.c estimated size: 478

led_fsm_sysstate.c
		_LedFsm_Init   		CODE           	227C	0000	28
		_LedFsm_NotifyWake		CODE           	22CE	0000	26
		_LedFsm_Process		CODE           	1BD4	0000	218
		_LedFsm_NotifyDataCycle		CODE           	2220	0000	32

led_fsm_sysstate.c estimated size: 304

Dev_Valve.c
		_Valve_Process 		CODE           	2402	0000	2
		_Valve_Init    		CODE           	2404	0000	2

Dev_Valve.c estimated size: 4

main.c
		_main          		CODE           	1A0A	0000	230
		_on_uart_rx    		CODE           	2148	0000	52
		_isr           		CODE           	2302	0000	26

main.c estimated size: 308

Dev_Led.c
		_LEDs_Init     		CODE           	21D4	0000	40

Dev_Led.c estimated size: 40

